Component: ARM Compiler 5.06 update 6 (build 750) Tool: armlink [4d35ed]

==============================================================================

Section Cross References

    bsp_main.o(i.BSP_Init) refers to system_stm32f4xx.o(i.SystemInit) for SystemInit
    bsp_main.o(i.BSP_Init) refers to misc.o(i.NVIC_PriorityGroupConfig) for NVIC_PriorityGroupConfig
    bsp_main.o(i.BSP_Init) refers to bsp_systick.o(i.BSP_SystickInit) for BSP_SystickInit
    bsp_main.o(i.BSP_Init) refers to bsp_io.o(i.BSP_IO_Init) for BSP_IO_Init
    bsp_main.o(i.BSP_Init) refers to bsp_systick.o(i.Delay_ms) for Delay_ms
    bsp_main.o(i.BSP_Init) refers to bsp_can.o(i.BSP_CAN_Init) for BSP_CAN_Init
    bsp_main.o(i.BSP_Init) refers to bsp_serial.o(i.BSP_Serial_Init) for BSP_Serial_Init
    bsp_main.o(i.BSP_Init) refers to bsp_timer.o(i.BSP_Timer_Init) for BSP_Timer_Init
    bsp_systick.o(i.BSP_SystickInit) refers to misc.o(i.SysTick_CLKSourceConfig) for SysTick_CLKSourceConfig
    bsp_systick.o(i.BSP_SystickInit) refers to bsp_systick.o(.data) for fac_us
    bsp_systick.o(i.Delay_ms) refers to bsp_systick.o(i.Delay_xms) for Delay_xms
    bsp_systick.o(i.Delay_us) refers to bsp_systick.o(.data) for fac_us
    bsp_systick.o(i.Delay_xms) refers to bsp_systick.o(.data) for fac_ms
    bsp_io.o(i.BSP_Beep_Init) refers to stm32f4xx_rcc.o(i.RCC_AHB1PeriphClockCmd) for RCC_AHB1PeriphClockCmd
    bsp_io.o(i.BSP_Beep_Init) refers to stm32f4xx_gpio.o(i.GPIO_Init) for GPIO_Init
    bsp_io.o(i.BSP_Beep_Init) refers to bsp_io.o(i.Beep_Off) for Beep_Off
    bsp_io.o(i.BSP_IO_Init) refers to bsp_io.o(i.BSP_LED_Init) for BSP_LED_Init
    bsp_io.o(i.BSP_IO_Init) refers to bsp_io.o(i.BSP_Beep_Init) for BSP_Beep_Init
    bsp_io.o(i.BSP_IO_Init) refers to bsp_io.o(i.BSP_Valve_Init) for BSP_Valve_Init
    bsp_io.o(i.BSP_LED_Init) refers to stm32f4xx_rcc.o(i.RCC_AHB1PeriphClockCmd) for RCC_AHB1PeriphClockCmd
    bsp_io.o(i.BSP_LED_Init) refers to stm32f4xx_gpio.o(i.GPIO_Init) for GPIO_Init
    bsp_io.o(i.BSP_LED_Init) refers to bsp_io.o(i.LED0_Off) for LED0_Off
    bsp_io.o(i.BSP_LED_Init) refers to bsp_io.o(i.LED1_Off) for LED1_Off
    bsp_io.o(i.BSP_LED_Init) refers to bsp_io.o(i.LED2_Off) for LED2_Off
    bsp_io.o(i.BSP_LED_Init) refers to bsp_io.o(i.LED3_Off) for LED3_Off
    bsp_io.o(i.BSP_Valve_Init) refers to stm32f4xx_gpio.o(i.GPIO_Init) for GPIO_Init
    bsp_io.o(i.BSP_Valve_Init) refers to stm32f4xx_gpio.o(i.GPIO_ResetBits) for GPIO_ResetBits
    bsp_io.o(i.Beep_Off) refers to stm32f4xx_gpio.o(i.GPIO_ResetBits) for GPIO_ResetBits
    bsp_io.o(i.Beep_On) refers to stm32f4xx_gpio.o(i.GPIO_SetBits) for GPIO_SetBits
    bsp_io.o(i.LED0_Off) refers to stm32f4xx_gpio.o(i.GPIO_SetBits) for GPIO_SetBits
    bsp_io.o(i.LED0_On) refers to stm32f4xx_gpio.o(i.GPIO_ResetBits) for GPIO_ResetBits
    bsp_io.o(i.LED0_Toggle) refers to stm32f4xx_gpio.o(i.GPIO_ToggleBits) for GPIO_ToggleBits
    bsp_io.o(i.LED1_Off) refers to stm32f4xx_gpio.o(i.GPIO_SetBits) for GPIO_SetBits
    bsp_io.o(i.LED1_On) refers to stm32f4xx_gpio.o(i.GPIO_ResetBits) for GPIO_ResetBits
    bsp_io.o(i.LED1_Toggle) refers to stm32f4xx_gpio.o(i.GPIO_ToggleBits) for GPIO_ToggleBits
    bsp_io.o(i.LED2_Off) refers to stm32f4xx_gpio.o(i.GPIO_SetBits) for GPIO_SetBits
    bsp_io.o(i.LED2_On) refers to stm32f4xx_gpio.o(i.GPIO_ResetBits) for GPIO_ResetBits
    bsp_io.o(i.LED2_Toggle) refers to stm32f4xx_gpio.o(i.GPIO_ToggleBits) for GPIO_ToggleBits
    bsp_io.o(i.LED3_Off) refers to stm32f4xx_gpio.o(i.GPIO_SetBits) for GPIO_SetBits
    bsp_io.o(i.LED3_On) refers to stm32f4xx_gpio.o(i.GPIO_ResetBits) for GPIO_ResetBits
    bsp_io.o(i.LED3_Toggle) refers to stm32f4xx_gpio.o(i.GPIO_ToggleBits) for GPIO_ToggleBits
    bsp_can.o(i.BSP_CAN_Init) refers to bsp_can.o(i.CAN_Config) for CAN_Config
    bsp_can.o(i.CAN_Config) refers to stm32f4xx_rcc.o(i.RCC_APB1PeriphClockCmd) for RCC_APB1PeriphClockCmd
    bsp_can.o(i.CAN_Config) refers to stm32f4xx_rcc.o(i.RCC_AHB1PeriphClockCmd) for RCC_AHB1PeriphClockCmd
    bsp_can.o(i.CAN_Config) refers to stm32f4xx_gpio.o(i.GPIO_Init) for GPIO_Init
    bsp_can.o(i.CAN_Config) refers to stm32f4xx_gpio.o(i.GPIO_PinAFConfig) for GPIO_PinAFConfig
    bsp_can.o(i.CAN_Config) refers to stm32f4xx_can.o(i.CAN_DeInit) for CAN_DeInit
    bsp_can.o(i.CAN_Config) refers to stm32f4xx_can.o(i.CAN_Init) for CAN_Init
    bsp_can.o(i.CAN_Config) refers to stm32f4xx_can.o(i.CAN_FilterInit) for CAN_FilterInit
    bsp_can.o(i.CAN_Config) refers to misc.o(i.NVIC_Init) for NVIC_Init
    bsp_can.o(i.CAN_Config) refers to stm32f4xx_can.o(i.CAN_ITConfig) for CAN_ITConfig
    bsp_serial.o(i.BSP_Serial1_Init) refers to stm32f4xx_rcc.o(i.RCC_AHB1PeriphClockCmd) for RCC_AHB1PeriphClockCmd
    bsp_serial.o(i.BSP_Serial1_Init) refers to stm32f4xx_rcc.o(i.RCC_APB2PeriphClockCmd) for RCC_APB2PeriphClockCmd
    bsp_serial.o(i.BSP_Serial1_Init) refers to stm32f4xx_gpio.o(i.GPIO_PinAFConfig) for GPIO_PinAFConfig
[...]
    i.__ARM_fpclassifyf                      0x08005134   Section        0  fpclassifyf.o(i.__ARM_fpclassifyf)
    i.__hardfp_atan2f                        0x0800515c   Section        0  atan2f.o(i.__hardfp_atan2f)
    i.__hardfp_fabs                          0x080053ac   Section        0  fabs.o(i.__hardfp_fabs)
    i.__mathlib_flt_infnan2                  0x080053c0   Section        0  funder.o(i.__mathlib_flt_infnan2)
    i.__mathlib_flt_underflow                0x080053c8   Section        0  funder.o(i.__mathlib_flt_underflow)
    i.absLimit                               0x080053d8   Section        0  algorithm.o(i.absLimit)
    i.arm_sqrt_f32                           0x08005408   Section        0  manul.o(i.arm_sqrt_f32)
    arm_sqrt_f32                             0x08005409   Thumb Code    38  manul.o(i.arm_sqrt_f32)
    i.f2int                                  0x08005434   Section        0  movebase.o(i.f2int)
    i.main                                   0x0800549c   Section        0  main.o(i.main)
    locale$$code                             0x0800567c   Section       44  lc_numeric_c.o(locale$$code)
    x$fpl$d2f                                0x080056a8   Section       98  d2f.o(x$fpl$d2f)
    $v0                                      0x080056a8   Number         0  d2f.o(x$fpl$d2f)
    x$fpl$dadd                               0x0800570c   Section      336  daddsub_clz.o(x$fpl$dadd)
    $v0                                      0x0800570c   Number         0  daddsub_clz.o(x$fpl$dadd)
    _dadd1                                   0x0800571d   Thumb Code     0  daddsub_clz.o(x$fpl$dadd)
    x$fpl$dcmpinf                            0x0800585c   Section       24  dcmpi.o(x$fpl$dcmpinf)
    $v0                                      0x0800585c   Number         0  dcmpi.o(x$fpl$dcmpinf)
    x$fpl$dleqf                              0x08005874   Section      120  dleqf.o(x$fpl$dleqf)
    $v0                                      0x08005874   Number         0  dleqf.o(x$fpl$dleqf)
    x$fpl$dnaninf                            0x080058ec   Section      156  dnaninf.o(x$fpl$dnaninf)
    $v0                                      0x080058ec   Number         0  dnaninf.o(x$fpl$dnaninf)
    x$fpl$dretinf                            0x08005988   Section       12  dretinf.o(x$fpl$dretinf)
    $v0                                      0x08005988   Number         0  dretinf.o(x$fpl$dretinf)
    x$fpl$drleqf                             0x08005994   Section      108  drleqf.o(x$fpl$drleqf)
    $v0                                      0x08005994   Number         0  drleqf.o(x$fpl$drleqf)
    x$fpl$dsub                               0x08005a00   Section      468  daddsub_clz.o(x$fpl$dsub)
    $v0                                      0x08005a00   Number         0  daddsub_clz.o(x$fpl$dsub)
    _dsub1                                   0x08005a11   Thumb Code     0  daddsub_clz.o(x$fpl$dsub)
    x$fpl$f2d                                0x08005bd4   Section       86  f2d.o(x$fpl$f2d)
    $v0                                      0x08005bd4   Number         0  f2d.o(x$fpl$f2d)
    x$fpl$fnaninf                            0x08005c2a   Section      140  fnaninf.o(x$fpl$fnaninf)
    $v0                                      0x08005c2a   Number         0  fnaninf.o(x$fpl$fnaninf)
    x$fpl$fpinit                             0x08005cb6   Section       10  fpinit.o(x$fpl$fpinit)
    $v0                                      0x08005cb6   Number         0  fpinit.o(x$fpl$fpinit)
    x$fpl$fretinf                            0x08005cc0   Section       10  fretinf.o(x$fpl$fretinf)
    $v0                                      0x08005cc0   Number         0  fretinf.o(x$fpl$fretinf)
    x$fpl$printf1                            0x08005cca   Section        4  printf1.o(x$fpl$printf1)
    $v0                                      0x08005cca   Number         0  printf1.o(x$fpl$printf1)
    x$fpl$usenofp                            0x08005cce   Section        0  usenofp.o(x$fpl$usenofp)
    .constdata                               0x08005cd0   Section     1040  arm_cos_f32.o(.constdata)
    cosTable                                 0x08005cd0   Data        1040  arm_cos_f32.o(.constdata)
    .constdata                               0x080060e0   Section     1036  arm_sin_f32.o(.constdata)
    sinTable                                 0x080060e0   Data        1036  arm_sin_f32.o(.constdata)
    .constdata                               0x080064ec   Section      148  bigflt0.o(.constdata)
    tenpwrs_x                                0x080064ec   Data          60  bigflt0.o(.constdata)
    tenpwrs_i                                0x08006528   Data          64  bigflt0.o(.constdata)
    .conststring                             0x08006580   Section      236  main.o(.conststring)
    locale$$data                             0x0800668c   Section       28  lc_numeric_c.o(locale$$data)
    __lcnum_c_name                           0x08006690   Data           2  lc_numeric_c.o(locale$$data)
    __lcnum_c_start                          0x08006698   Data           0  lc_numeric_c.o(locale$$data)
    __lcnum_c_point                          0x080066a4   Data           0  lc_numeric_c.o(locale$$data)
    __lcnum_c_thousands                      0x080066a6   Data           0  lc_numeric_c.o(locale$$data)
    __lcnum_c_grouping                       0x080066a7   Data           0  lc_numeric_c.o(locale$$data)
    __lcnum_c_end                            0x080066a8   Data           0  lc_numeric_c.o(locale$$data)
    .data                                    0x20000000   Section        8  bsp_systick.o(.data)
    fac_us                                   0x20000000   Data           4  bsp_systick.o(.data)
    fac_ms                                   0x20000004   Data           4  bsp_systick.o(.data)
    .data                                    0x20000008   Section       28  pid.o(.data)
    Error                                    0x20000008   Data           4  pid.o(.data)
    Integrate                                0x2000000c   Data           4  pid.o(.data)
    Delta                                    0x20000010   Data           4  pid.o(.data)
    Output                                   0x20000014   Data           4  pid.o(.data)
    Error                                    0x20000018   Data           4  pid.o(.data)
    DeltaOutput                              0x2000001c   Data           4  pid.o(.data)
    Output                                   0x20000020   Data           4  pid.o(.data)
    .data                                    0x20000024   Section       18  movebase.o(.data)
    leftFrontAng                             0x20000024   Data           4  movebase.o(.data)
    rightFrontAng                            0x20000028   Data           4  movebase.o(.data)
    leftRearAng                              0x2000002c   Data           4  movebase.o(.data)
    rightRearAng                             0x20000030   Data           4  movebase.o(.data)
    recursiveTimes                           0x20000034   Data           1  movebase.o(.data)
    recursiveTimes                           0x20000035   Data           1  movebase.o(.data)
    .data                                    0x20000036   Section        1  main.o(.data)
    .data                                    0x20000038   Section        2  stm32f4xx_it.o(.data)
    time_print_tick                          0x20000038   Data           2  stm32f4xx_it.o(.data)
    .data                                    0x2000003c   Section       56  pps.o(.data)
    continiousAngle                          0x20000050   Data           4  pps.o(.data)
    angleLoop                                0x20000054   Data           4  pps.o(.data)
    ch                                       0x20000058   Data           1  pps.o(.data)
    count                                    0x20000059   Data           1  pps.o(.data)
    i                                        0x2000005a   Data           1  pps.o(.data)
    angleRecord                              0x2000005c   Data           4  pps.o(.data)
    Last_x                                   0x20000060   Data           4  pps.o(.data)
    Last_y                                   0x20000064   Data           4  pps.o(.data)
    Err_x                                    0x20000068   Data           4  pps.o(.data)
    Err_y                                    0x2000006c   Data           4  pps.o(.data)
    PassedLen                                0x20000070   Data           4  pps.o(.data)
    .data                                    0x20000074   Section       10  esc.o(.data)
    PrevAngle                                0x20000074   Data           2  esc.o(.data)
    DeltaPulse                               0x20000076   Data           2  esc.o(.data)
    ESC_ID                                   0x20000078   Data           2  esc.o(.data)
    ESC_Index                                0x2000007a   Data           1  esc.o(.data)
    Index                                    0x2000007b   Data           1  esc.o(.data)
    Index                                    0x2000007c   Data           1  esc.o(.data)
    Index                                    0x2000007d   Data           1  esc.o(.data)
    .data                                    0x2000007e   Section        5  remote.o(.data)
    PulseWidth                               0x2000007e   Data           2  remote.o(.data)
    Char                                     0x20000080   Data           1  remote.o(.data)
    RxState                                  0x20000081   Data           1  remote.o(.data)
    RxDataIndex                              0x20000082   Data           1  remote.o(.data)
    .data                                    0x20000084   Section       25  manul.o(.data)
    .data                                    0x200000a0   Section       16  task.o(.data)
    Counter                                  0x200000a8   Data           4  task.o(.data)
    Counter                                  0x200000ac   Data           4  task.o(.data)
    .data                                    0x200000b0   Section        1  robot.o(.data)
    .data                                    0x200000b4   Section       36  joystick.o(.data)
    joystick_Pack_Info                       0x200000b8   Data          16  joystick.o(.data)
    joystick_Pack_Info                       0x200000c8   Data          16  joystick.o(.data)
    .data                                    0x200000d8   Section       16  stm32f4xx_rcc.o(.data)
    APBAHBPrescTable                         0x200000d8   Data          16  stm32f4xx_rcc.o(.data)
    .bss                                     0x200000e8   Section      500  main.o(.bss)
    .bss                                     0x200002dc   Section       72  pps.o(.bss)
    posture                                  0x2000030c   Data          24  pps.o(.bss)
    .bss                                     0x20000324   Section     1096  esc.o(.bss)
    TxMessage                                0x20000744   Data          20  esc.o(.bss)
    TxMessage                                0x20000758   Data          20  esc.o(.bss)
    .bss                                     0x2000076c   Section       76  remote.o(.bss)
    .bss                                     0x200007b8   Section      236  task.o(.bss)
    .bss                                     0x200008a4   Section       68  joystick.o(.bss)
    rxBuff                                   0x200008b4   Data          22  joystick.o(.bss)
    txBuff                                   0x200008ca   Data          30  joystick.o(.bss)
    .bss                                     0x200008e8   Section       96  libspace.o(.bss)
    HEAP                                     0x20000948   Section      512  startup_stm32f40_41xxx.o(HEAP)
    Heap_Mem                                 0x20000948   Data         512  startup_stm32f40_41xxx.o(HEAP)
    STACK                                    0x20000b48   Section     1024  startup_stm32f40_41xxx.o(STACK)
    Stack_Mem                                0x20000b48   Data        1024  startup_stm32f40_41xxx.o(STACK)
    __initial_sp                             0x20000f48   Data           0  startup_stm32f40_41xxx.o(STACK)

    Global Symbols

    Symbol Name                              Value     Ov Type        Size  Object(Section)

    BuildAttributes$$THM_ISAv4$E$P$D$K$B$S$7EM$VFPi3$EXTD16$VFPS$VFMA$PE$A:L22UL41UL21$X:L11$S22US41US21$IEEE1$IW$USESV6$~STKCKD$USESV7$~SHL$OTIME$ROPI$IEEEX$EBA8$UX$STANDARDLIB$REQ8$PRES8$EABIv2 0x00000000   Number         0  anon$$obj.o ABSOLUTE
    __ARM_use_no_argv                        0x00000000   Number         0  main.o ABSOLUTE
    __ARM_exceptions_init                     - Undefined Weak Reference
    __alloca_initialize                       - Undefined Weak Reference
    __arm_preinit_                            - Undefined Weak Reference
    __cpp_initialize__aeabi_                  - Undefined Weak Reference
    __cxa_finalize                            - Undefined Weak Reference
    __sigvec_lookup                           - Undefined Weak Reference
    _atexit_init                              - Undefined Weak Reference
    _call_atexit_fns                          - Undefined Weak Reference
    _clock_init                               - Undefined Weak Reference
    _fp_trap_init                             - Undefined Weak Reference
    _fp_trap_shutdown                         - Undefined Weak Reference
    _get_lc_collate                           - Undefined Weak Reference
    _get_lc_ctype                             - Undefined Weak Reference
    _get_lc_monetary                          - Undefined Weak Reference
    _get_lc_time                              - Undefined Weak Reference
    _getenv_init                              - Undefined Weak Reference
    _handle_redirection                       - Undefined Weak Reference
    _init_alloc                               - Undefined Weak Reference
    _init_user_alloc                          - Undefined Weak Reference
    _initio                                   - Undefined Weak Reference
    _printf_post_padding                      - Undefined Weak Reference
    _printf_pre_padding                       - Undefined Weak Reference
    _rand_init                                - Undefined Weak Reference
    _signal_finish                            - Undefined Weak Reference
    _signal_init                              - Undefined Weak Reference
    _terminate_alloc                          - Undefined Weak Reference
    _terminate_user_alloc                     - Undefined Weak Reference
    _terminateio                              - Undefined Weak Reference
    __Vectors_Size                           0x00000188   Number         0  startup_stm32f40_41xxx.o ABSOLUTE
    __Vectors                                0x08000000   Data           4  startup_stm32f40_41xxx.o(RESET)
    __Vectors_End                            0x08000188   Data           0  startup_stm32f40_41xxx.o(RESET)
    __main                                   0x08000189   Thumb Code     8  __main.o(!!!main)
    __scatterload                            0x08000191   Thumb Code     0  __scatter.o(!!!scatter)
    __scatterload_rt2                        0x08000191   Thumb Code    44  __scatter.o(!!!scatter)
    __scatterload_rt2_thumb_only             0x08000191   Thumb Code     0  __scatter.o(!!!scatter)
    __scatterload_null                       0x0800019f   Thumb Code     0  __scatter.o(!!!scatter)
    __scatterload_copy                       0x080001c5   Thumb Code    26  __scatter_copy.o(!!handler_copy)
    __scatterload_zeroinit                   0x080001e1   Thumb Code    28  __scatter_zi.o(!!handler_zi)
    _printf_f                                0x080001fd   Thumb Code     0  _printf_f.o(.ARM.Collect$$_printf_percent$$00000003)
    _printf_percent                          0x080001fd   Thumb Code     0  _printf_percent.o(.ARM.Collect$$_printf_percent$$00000000)
    _printf_percent_end                      0x08000203   Thumb Code     0  _printf_percent_end.o(.ARM.Collect$$_printf_percent$$00000017)
    __rt_lib_init                            0x08000207   Thumb Code     0  libinit.o(.ARM.Collect$$libinit$$00000000)
    __rt_lib_init_fp_1                       0x08000209   Thumb Code     0  libinit2.o(.ARM.Collect$$libinit$$00000001)
    __rt_lib_init_heap_1                     0x0800020d   Thumb Code     0  libinit2.o(.ARM.Collect$$libinit$$0000000A)
    __rt_lib_init_lc_common                  0x0800020d   Thumb Code     0  libinit2.o(.ARM.Collect$$libinit$$0000000F)
    __rt_lib_init_preinit_1                  0x0800020d   Thumb Code     0  libinit2.o(.ARM.Collect$$libinit$$00000004)
    __rt_lib_init_rand_1                     0x0800020d   Thumb Code     0  libinit2.o(.ARM.Collect$$libinit$$0000000E)
    __rt_lib_init_user_alloc_1               0x0800020d   Thumb Code     0  libinit2.o(.ARM.Collect$$libinit$$0000000C)
    __rt_lib_init_lc_collate_1               0x08000213   Thumb Code     0  libinit2.o(.ARM.Collect$$libinit$$00000011)
    __rt_lib_init_lc_ctype_1                 0x08000213   Thumb Code     0  libinit2.o(.ARM.Collect$$libinit$$00000013)
    __rt_lib_init_lc_monetary_1              0x08000213   Thumb Code     0  libinit2.o(.ARM.Collect$$libinit$$00000015)
    __rt_lib_init_lc_numeric_2               0x08000213   Thumb Code     0  libinit2.o(.ARM.Collect$$libinit$$00000016)
    __rt_lib_init_alloca_1                   0x0800021d   Thumb Code     0  libinit2.o(.ARM.Collect$$libinit$$0000002E)
    __rt_lib_init_argv_1                     0x0800021d   Thumb Code     0  libinit2.o(.ARM.Collect$$libinit$$0000002C)
    __rt_lib_init_atexit_1                   0x0800021d   Thumb Code     0  libinit2.o(.ARM.Collect$$libinit$$0000001B)
    __rt_lib_init_clock_1                    0x0800021d   Thumb Code     0  libinit2.o(.ARM.Collect$$libinit$$00000021)
    __rt_lib_init_cpp_1                      0x0800021d   Thumb Code     0  libinit2.o(.ARM.Collect$$libinit$$00000032)
    __rt_lib_init_exceptions_1               0x0800021d   Thumb Code     0  libinit2.o(.ARM.Collect$$libinit$$00000030)
    __rt_lib_init_fp_trap_1                  0x0800021d   Thumb Code     0  libinit2.o(.ARM.Collect$$libinit$$0000001F)
    __rt_lib_init_getenv_1                   0x0800021d   Thumb Code     0  libinit2.o(.ARM.Collect$$libinit$$00000023)
    __rt_lib_init_lc_numeric_1               0x0800021d   Thumb Code     0  libinit2.o(.ARM.Collect$$libinit$$00000017)
    __rt_lib_init_lc_time_1                  0x0800021d   Thumb Code     0  libinit2.o(.ARM.Collect$$libinit$$00000019)
    __rt_lib_init_return                     0x0800021d   Thumb Code     0  libinit2.o(.ARM.Collect$$libinit$$00000033)
    __rt_lib_init_signal_1                   0x0800021d   Thumb Code     0  libinit2.o(.ARM.Collect$$libinit$$0000001D)
    __rt_lib_init_stdio_1                    0x0800021d   Thumb Code     0  libinit2.o(.ARM.Collect$$libinit$$00000025)
    __rt_lib_shutdown                        0x0800021f   Thumb Code     0  libshutdown.o(.ARM.Collect$$libshutdown$$00000000)
    __rt_lib_shutdown_cpp_1                  0x08000221   Thumb Code     0  libshutdown2.o(.ARM.Collect$$libshutdown$$00000002)
    __rt_lib_shutdown_fp_trap_1              0x08000221   Thumb Code     0  libshutdown2.o(.ARM.Collect$$libshutdown$$00000007)
    __rt_lib_shutdown_heap_1                 0x08000221   Thumb Code     0  libshutdown2.o(.ARM.Collect$$libshutdown$$0000000F)
    __rt_lib_shutdown_return                 0x08000221   Thumb Code     0  libshutdown2.o(.ARM.Collect$$libshutdown$$00000010)
    __rt_lib_shutdown_signal_1               0x08000221   Thumb Code     0  libshutdown2.o(.ARM.Collect$$libshutdown$$0000000A)
    __rt_lib_shutdown_stdio_1                0x08000221   Thumb Code     0  libshutdown2.o(.ARM.Collect$$libshutdown$$00000004)
    __rt_lib_shutdown_user_alloc_1           0x08000221   Thumb Code     0  libshutdown2.o(.ARM.Collect$$libshutdown$$0000000C)
    __rt_entry                               0x08000223   Thumb Code     0  __rtentry.o(.ARM.Collect$$rtentry$$00000000)
    __rt_entry_presh_1                       0x08000223   Thumb Code     0  __rtentry2.o(.ARM.Collect$$rtentry$$00000002)
    __rt_entry_sh                            0x08000223   Thumb Code     0  __rtentry4.o(.ARM.Collect$$rtentry$$00000004)
    __rt_entry_li                            0x08000229   Thumb Code     0  __rtentry2.o(.ARM.Collect$$rtentry$$0000000A)
    __rt_entry_postsh_1                      0x08000229   Thumb Code     0  __rtentry2.o(.ARM.Collect$$rtentry$$00000009)
    __rt_entry_main                          0x0800022d   Thumb Code     0  __rtentry2.o(.ARM.Collect$$rtentry$$0000000D)
    __rt_entry_postli_1                      0x0800022d   Thumb Code     0  __rtentry2.o(.ARM.Collect$$rtentry$$0000000C)
    __rt_exit                                0x08000235   Thumb Code     0  rtexit.o(.ARM.Collect$$rtexit$$00000000)
    __rt_exit_ls                             0x08000237   Thumb Code     0  rtexit2.o(.ARM.Collect$$rtexit$$00000003)
    __rt_exit_prels_1                        0x08000237   Thumb Code     0  rtexit2.o(.ARM.Collect$$rtexit$$00000002)
    __rt_exit_exit                           0x0800023b   Thumb Code     0  rtexit2.o(.ARM.Collect$$rtexit$$00000004)
    Reset_Handler                            0x08000241   Thumb Code     8  startup_stm32f40_41xxx.o(.text)
    ADC_IRQHandler                           0x0800025b   Thumb Code     0  startup_stm32f40_41xxx.o(.text)
    CAN1_RX1_IRQHandler                      0x0800025b   Thumb Code     0  startup_stm32f40_41xxx.o(.text)
    CAN1_SCE_IRQHandler                      0x0800025b   Thumb Code     0  startup_stm32f40_41xxx.o(.text)
    CAN2_RX1_IRQHandler                      0x0800025b   Thumb Code     0  startup_stm32f40_41xxx.o(.text)
    CAN2_SCE_IRQHandler                      0x0800025b   Thumb Code     0  startup_stm32f40_41xxx.o(.text)
    CRYP_IRQHandler                          0x0800025b   Thumb Code     0  startup_stm32f40_41xxx.o(.text)
    DCMI_IRQHandler                          0x0800025b   Thumb Code     0  startup_stm32f40_41xxx.o(.text)
    DMA1_Stream0_IRQHandler                  0x0800025b   Thumb Code     0  startup_stm32f40_41xxx.o(.text)
    DMA1_Stream1_IRQHandler                  0x0800025b   Thumb Code     0  startup_stm32f40_41xxx.o(.text)
    DMA1_Stream2_IRQHandler                  0x0800025b   Thumb Code     0  startup_stm32f40_41xxx.o(.text)
    DMA1_Stream3_IRQHandler                  0x0800025b   Thumb Code     0  startup_stm32f40_41xxx.o(.text)
    DMA1_Stream4_IRQHandler                  0x0800025b   Thumb Code     0  startup_stm32f40_41xxx.o(.text)
    DMA1_Stream5_IRQHandler                  0x0800025b   Thumb Code     0  startup_stm32f40_41xxx.o(.text)
    DMA1_Stream6_IRQHandler                  0x0800025b   Thumb Code     0  startup_stm32f40_41xxx.o(.text)
    DMA1_Stream7_IRQHandler                  0x0800025b   Thumb Code     0  startup_stm32f40_41xxx.o(.text)
    DMA2_Stream0_IRQHandler                  0x0800025b   Thumb Code     0  startup_stm32f40_41xxx.o(.text)
    DMA2_Stream1_IRQHandler                  0x0800025b   Thumb Code     0  startup_stm32f40_41xxx.o(.text)
    DMA2_Stream2_IRQHandler                  0x0800025b   Thumb Code     0  startup_stm32f40_41xxx.o(.text)
    DMA2_Stream3_IRQHandler                  0x0800025b   Thumb Code     0  startup_stm32f40_41xxx.o(.text)
    DMA2_Stream4_IRQHandler                  0x0800025b   Thumb Code     0  startup_stm32f40_41xxx.o(.text)
    DMA2_Stream5_IRQHandler                  0x0800025b   Thumb Code     0  startup_stm32f40_41xxx.o(.text)
    DMA2_Stream6_IRQHandler                  0x0800025b   Thumb Code     0  startup_stm32f40_41xxx.o(.text)
    DMA2_Stream7_IRQHandler                  0x0800025b   Thumb Code     0  startup_stm32f40_41xxx.o(.text)
    ETH_IRQHandler                           0x0800025b   Thumb Code     0  startup_stm32f40_41xxx.o(.text)
    ETH_WKUP_IRQHandler                      0x0800025b   Thumb Code     0  startup_stm32f40_41xxx.o(.text)
    EXTI0_IRQHandler                         0x0800025b   Thumb Code     0  startup_stm32f40_41xxx.o(.text)
    EXTI15_10_IRQHandler                     0x0800025b   Thumb Code     0  startup_stm32f40_41xxx.o(.text)
    EXTI1_IRQHandler                         0x0800025b   Thumb Code     0  startup_stm32f40_41xxx.o(.text)
    EXTI2_IRQHandler                         0x0800025b   Thumb Code     0  startup_stm32f40_41xxx.o(.text)
    EXTI3_IRQHandler                         0x0800025b   Thumb Code     0  startup_stm32f40_41xxx.o(.text)
    EXTI4_IRQHandler                         0x0800025b   Thumb Code     0  startup_stm32f40_41xxx.o(.text)
    EXTI9_5_IRQHandler                       0x0800025b   Thumb Code     0  startup_stm32f40_41xxx.o(.text)
    FLASH_IRQHandler                         0x0800025b   Thumb Code     0  startup_stm32f40_41xxx.o(.text)
    FPU_IRQHandler                           0x0800025b   Thumb Code     0  startup_stm32f40_41xxx.o(.text)
    FSMC_IRQHandler                          0x0800025b   Thumb Code     0  startup_stm32f40_41xxx.o(.text)
    HASH_RNG_IRQHandler                      0x0800025b   Thumb Code     0  startup_stm32f40_41xxx.o(.text)
    I2C1_ER_IRQHandler                       0x0800025b   Thumb Code     0  startup_stm32f40_41xxx.o(.text)
    I2C1_EV_IRQHandler                       0x0800025b   Thumb Code     0  startup_stm32f40_41xxx.o(.text)
    I2C2_ER_IRQHandler                       0x0800025b   Thumb Code     0  startup_stm32f40_41xxx.o(.text)
    I2C2_EV_IRQHandler                       0x0800025b   Thumb Code     0  startup_stm32f40_41xxx.o(.text)
    I2C3_ER_IRQHandler                       0x0800025b   Thumb Code     0  startup_stm32f40_41xxx.o(.text)
    I2C3_EV_IRQHandler                       0x0800025b   Thumb Code     0  startup_stm32f40_41xxx.o(.text)
    OTG_FS_IRQHandler                        0x0800025b   Thumb Code     0  startup_stm32f40_41xxx.o(.text)
    OTG_FS_WKUP_IRQHandler                   0x0800025b   Thumb Code     0  startup_stm32f40_41xxx.o(.text)
    OTG_HS_EP1_IN_IRQHandler                 0x0800025b   Thumb Code     0  startup_stm32f40_41xxx.o(.text)
    OTG_HS_EP1_OUT_IRQHandler                0x0800025b   Thumb Code     0  startup_stm32f40_41xxx.o(.text)
    OTG_HS_IRQHandler                        0x0800025b   Thumb Code     0  startup_stm32f40_41xxx.o(.text)
    OTG_HS_WKUP_IRQHandler                   0x0800025b   Thumb Code     0  startup_stm32f40_41xxx.o(.text)
    PVD_IRQHandler                           0x0800025b   Thumb Code     0  startup_stm32f40_41xxx.o(.text)
    RCC_IRQHandler                           0x0800025b   Thumb Code     0  startup_stm32f40_41xxx.o(.text)
    RTC_Alarm_IRQHandler                     0x0800025b   Thumb Code     0  startup_stm32f40_41xxx.o(.text)
    RTC_WKUP_IRQHandler                      0x0800025b   Thumb Code     0  startup_stm32f40_41xxx.o(.text)
    SDIO_IRQHandler                          0x0800025b   Thumb Code     0  startup_stm32f40_41xxx.o(.text)
    SPI1_IRQHandler                          0x0800025b   Thumb Code     0  startup_stm32f40_41xxx.o(.text)
    SPI2_IRQHandler                          0x0800025b   Thumb Code     0  startup_stm32f40_41xxx.o(.text)
    SPI3_IRQHandler                          0x0800025b   Thumb Code     0  startup_stm32f40_41xxx.o(.text)
    TAMP_STAMP_IRQHandler                    0x0800025b   Thumb Code     0  startup_stm32f40_41xxx.o(.text)
    TIM1_BRK_TIM9_IRQHandler                 0x0800025b   Thumb Code     0  startup_stm32f40_41xxx.o(.text)
    TIM1_CC_IRQHandler                       0x0800025b   Thumb Code     0  startup_stm32f40_41xxx.o(.text)
    TIM1_TRG_COM_TIM11_IRQHandler            0x0800025b   Thumb Code     0  startup_stm32f40_41xxx.o(.text)
    TIM1_UP_TIM10_IRQHandler                 0x0800025b   Thumb Code     0  startup_stm32f40_41xxx.o(.text)
    TIM3_IRQHandler                          0x0800025b   Thumb Code     0  startup_stm32f40_41xxx.o(.text)
    TIM4_IRQHandler                          0x0800025b   Thumb Code     0  startup_stm32f40_41xxx.o(.text)
    TIM6_DAC_IRQHandler                      0x0800025b   Thumb Code     0  startup_stm32f40_41xxx.o(.text)
    TIM7_IRQHandler                          0x0800025b   Thumb Code     0  startup_stm32f40_41xxx.o(.text)
    TIM8_BRK_TIM12_IRQHandler                0x0800025b   Thumb Code     0  startup_stm32f40_41xxx.o(.text)
    TIM8_CC_IRQHandler                       0x0800025b   Thumb Code     0  startup_stm32f40_41xxx.o(.text)
    TIM8_TRG_COM_TIM14_IRQHandler            0x0800025b   Thumb Code     0  startup_stm32f40_41xxx.o(.text)
    TIM8_UP_TIM13_IRQHandler                 0x0800025b   Thumb Code     0  startup_stm32f40_41xxx.o(.text)
    UART4_IRQHandler                         0x0800025b   Thumb Code     0  startup_stm32f40_41xxx.o(.text)
    UART5_IRQHandler                         0x0800025b   Thumb Code     0  startup_stm32f40_41xxx.o(.text)
    USART6_IRQHandler                        0x0800025b   Thumb Code     0  startup_stm32f40_41xxx.o(.text)
    WWDG_IRQHandler                          0x0800025b   Thumb Code     0  startup_stm32f40_41xxx.o(.text)
    __user_initial_stackheap                 0x0800025d   Thumb Code     0  startup_stm32f40_41xxx.o(.text)
    arm_cos_f32                              0x08000281   Thumb Code   194  arm_cos_f32.o(.text)
    arm_sin_f32                              0x08000359   Thumb Code   194  arm_sin_f32.o(.text)
    __2sprintf                               0x08000431   Thumb Code    34  noretval__2sprintf.o(.text)
    __printf                                 0x08000459   Thumb Code   104  __printf.o(.text)
    __aeabi_memcpy4                          0x080004c1   Thumb Code     0  rt_memcpy_w.o(.text)
    __aeabi_memcpy8                          0x080004c1   Thumb Code     0  rt_memcpy_w.o(.text)
    __rt_memcpy_w                            0x080004c1   Thumb Code   100  rt_memcpy_w.o(.text)
    _memcpy_lastbytes_aligned                0x08000509   Thumb Code     0  rt_memcpy_w.o(.text)
    __aeabi_memclr4                          0x08000525   Thumb Code     0  rt_memclr_w.o(.text)
    __aeabi_memclr8                          0x08000525   Thumb Code     0  rt_memclr_w.o(.text)
    __rt_memclr_w                            0x08000525   Thumb Code    78  rt_memclr_w.o(.text)
    _memset_w                                0x08000529   Thumb Code     0  rt_memclr_w.o(.text)
    __use_two_region_memory                  0x08000573   Thumb Code     2  heapauxi.o(.text)
    __rt_heap_escrow$2region                 0x08000575   Thumb Code     2  heapauxi.o(.text)
    __rt_heap_expand$2region                 0x08000577   Thumb Code     2  heapauxi.o(.text)
    __lib_sel_fp_printf                      0x08000579   Thumb Code     2  _printf_fp_dec.o(.text)
    _printf_fp_dec_real                      0x0800072b   Thumb Code   620  _printf_fp_dec.o(.text)
    _printf_char_common                      0x080009a3   Thumb Code    32  _printf_char_common.o(.text)
    _sputc                                   0x080009c9   Thumb Code    10  _sputc.o(.text)
    __rt_locale                              0x080009d5   Thumb Code     8  rt_locale_intlibspace.o(.text)
    _ll_udiv10                               0x080009dd   Thumb Code   138  lludiv10.o(.text)
    _printf_fp_infnan                        0x08000a69   Thumb Code   112  _printf_fp_infnan.o(.text)
    _btod_etento                             0x08000ae9   Thumb Code   224  bigflt0.o(.text)
    __user_libspace                          0x08000bcd   Thumb Code     8  libspace.o(.text)
    __user_perproc_libspace                  0x08000bcd   Thumb Code     0  libspace.o(.text)
    __user_perthread_libspace                0x08000bcd   Thumb Code     0  libspace.o(.text)
    __user_setup_stackheap                   0x08000bd5   Thumb Code    74  sys_stackheap_outer.o(.text)
    exit                                     0x08000c1f   Thumb Code    18  exit.o(.text)
    strcmp                                   0x08000c31   Thumb Code   128  strcmpv7m.o(.text)
    _sys_exit                                0x08000cb1   Thumb Code     8  sys_exit.o(.text)
    __I$use$semihosting                      0x08000cbd   Thumb Code     0  use_no_semi.o(.text)
    __use_no_semihosting_swi                 0x08000cbd   Thumb Code     2  use_no_semi.o(.text)
    __semihosting_library_function           0x08000cbf   Thumb Code     0  indicate_semi.o(.text)
    _btod_d2e                                0x08000cbf   Thumb Code    62  btod.o(CL$$btod_d2e)
    _d2e_denorm_low                          0x08000cfd   Thumb Code    70  btod.o(CL$$btod_d2e_denorm_low)
    _d2e_norm_op1                            0x08000d43   Thumb Code    96  btod.o(CL$$btod_d2e_norm_op1)
    __btod_div_common                        0x08000da3   Thumb Code   696  btod.o(CL$$btod_div_common)
    _e2e                                     0x080010db   Thumb Code   220  btod.o(CL$$btod_e2e)
    _btod_ediv                               0x080011b7   Thumb Code    42  btod.o(CL$$btod_ediv)
    _btod_emul                               0x080011e1   Thumb Code    42  btod.o(CL$$btod_emul)
    __btod_mult_common                       0x0800120b   Thumb Code   580  btod.o(CL$$btod_mult_common)
    Analog_Joystick                          0x08001451   Thumb Code    66  joystick.o(i.Analog_Joystick)
    AngleLimit                               0x0800149d   Thumb Code   116  movebase.o(i.AngleLimit)
    BSP_Beep_Init                            0x08001521   Thumb Code    50  bsp_io.o(i.BSP_Beep_Init)
    BSP_CAN_Init                             0x08001559   Thumb Code    42  bsp_can.o(i.BSP_CAN_Init)
    BSP_IO_Init                              0x08001595   Thumb Code    16  bsp_io.o(i.BSP_IO_Init)
    BSP_Init                                 0x080015a5   Thumb Code    44  bsp_main.o(i.BSP_Init)
    BSP_LED_Init                             0x080015d1   Thumb Code   100  bsp_io.o(i.BSP_LED_Init)
    BSP_Serial1_Init                         0x08001639   Thumb Code   176  bsp_serial.o(i.BSP_Serial1_Init)
    BSP_Serial2_Init                         0x080016f1   Thumb Code   180  bsp_serial.o(i.BSP_Serial2_Init)
    BSP_Serial3_Init                         0x080017b1   Thumb Code   176  bsp_serial.o(i.BSP_Serial3_Init)
    BSP_Serial6_Init                         0x08001869   Thumb Code   174  bsp_serial.o(i.BSP_Serial6_Init)
    BSP_Serial_Init                          0x08001921   Thumb Code    20  bsp_serial.o(i.BSP_Serial_Init)
    BSP_SystickInit                          0x08001935   Thumb Code    34  bsp_systick.o(i.BSP_SystickInit)
    BSP_TIM2_Init                            0x08001961   Thumb Code    72  bsp_timer.o(i.BSP_TIM2_Init)
    BSP_TIM5_Init                            0x080019a9   Thumb Code    80  bsp_timer.o(i.BSP_TIM5_Init)
    BSP_Timer_Init                           0x080019fd   Thumb Code    20  bsp_timer.o(i.BSP_Timer_Init)
    BSP_Valve_Init                           0x08001a11   Thumb Code    62  bsp_io.o(i.BSP_Valve_Init)
    Beep_Off                                 0x08001a55   Thumb Code    12  bsp_io.o(i.Beep_Off)
    Beep_On                                  0x08001a65   Thumb Code    12  bsp_io.o(i.Beep_On)
    BusFault_Handler                         0x08001a75   Thumb Code     4  stm32f4xx_it.o(i.BusFault_Handler)
    C610_GetFeedbackInfo                     0x08001a79   Thumb Code   176  esc.o(i.C610_GetFeedbackInfo)
    C620_GetFeedbackInfo                     0x08001b2d   Thumb Code   176  esc.o(i.C620_GetFeedbackInfo)
    CAN1_RX0_IRQHandler                      0x08001be1   Thumb Code    50  stm32f4xx_it.o(i.CAN1_RX0_IRQHandler)
    CAN1_TX_IRQHandler                       0x08001c19   Thumb Code    22  stm32f4xx_it.o(i.CAN1_TX_IRQHandler)
    CAN2_RX0_IRQHandler                      0x08001c35   Thumb Code    58  stm32f4xx_it.o(i.CAN2_RX0_IRQHandler)
    CAN2_TX_IRQHandler                       0x08001c79   Thumb Code    22  stm32f4xx_it.o(i.CAN2_TX_IRQHandler)
    CAN_ClearFlag                            0x08001c95   Thumb Code    52  stm32f4xx_can.o(i.CAN_ClearFlag)
    CAN_ClearITPendingBit                    0x08001ccd   Thumb Code   162  stm32f4xx_can.o(i.CAN_ClearITPendingBit)
    CAN_Config                               0x08001d75   Thumb Code   626  bsp_can.o(i.CAN_Config)
    CAN_DeInit                               0x08001ff1   Thumb Code    50  stm32f4xx_can.o(i.CAN_DeInit)
    CAN_FilterInit                           0x08002029   Thumb Code   258  stm32f4xx_can.o(i.CAN_FilterInit)
    CAN_GetITStatus                          0x08002131   Thumb Code   284  stm32f4xx_can.o(i.CAN_GetITStatus)
    CAN_ITConfig                             0x08002251   Thumb Code    18  stm32f4xx_can.o(i.CAN_ITConfig)
    CAN_Init                                 0x08002263   Thumb Code   276  stm32f4xx_can.o(i.CAN_Init)
    CAN_Receive                              0x08002377   Thumb Code   240  stm32f4xx_can.o(i.CAN_Receive)
    CAN_Transmit                             0x08002467   Thumb Code   294  stm32f4xx_can.o(i.CAN_Transmit)
    CalcSteerLoopShift                       0x0800258d   Thumb Code   148  movebase.o(i.CalcSteerLoopShift)
    CalcWheelActAngle                        0x0800262d   Thumb Code    76  movebase.o(i.CalcWheelActAngle)
    CalcWheelSpeed                           0x08002681   Thumb Code   358  movebase.o(i.CalcWheelSpeed)
    ConfigTask                               0x0800280f   Thumb Code    26  task.o(i.ConfigTask)
    DebugMon_Handler                         0x08002829   Thumb Code     2  stm32f4xx_it.o(i.DebugMon_Handler)
    Delay_ms                                 0x0800282b   Thumb Code    46  bsp_systick.o(i.Delay_ms)
    Delay_xms                                0x08002859   Thumb Code    72  bsp_systick.o(i.Delay_xms)
    DisableCrl                               0x080028a5   Thumb Code    96  esc.o(i.DisableCrl)
    GPIO_Init                                0x08002911   Thumb Code   144  stm32f4xx_gpio.o(i.GPIO_Init)
    GPIO_PinAFConfig                         0x080029a1   Thumb Code    70  stm32f4xx_gpio.o(i.GPIO_PinAFConfig)
    GPIO_ResetBits                           0x080029e7   Thumb Code     4  stm32f4xx_gpio.o(i.GPIO_ResetBits)
    GPIO_SetBits                             0x080029eb   Thumb Code     4  stm32f4xx_gpio.o(i.GPIO_SetBits)
    GPIO_ToggleBits                          0x080029ef   Thumb Code     8  stm32f4xx_gpio.o(i.GPIO_ToggleBits)
    GetAngle                                 0x080029f9   Thumb Code    28  pps.o(i.GetAngle)
    HardFault_Handler                        0x08002a1d   Thumb Code     4  stm32f4xx_it.o(i.HardFault_Handler)
    Joystick_Init                            0x08002a21   Thumb Code    28  joystick.o(i.Joystick_Init)
    JudgeVelDirection                        0x08002a45   Thumb Code   282  movebase.o(i.JudgeVelDirection)
    KickerCmdReset                           0x08002b75   Thumb Code    18  cylinder.o(i.KickerCmdReset)
    KickerReset                              0x08002b8d   Thumb Code    16  cylinder.o(i.KickerReset)
    LED0_Off                                 0x08002ba1   Thumb Code    12  bsp_io.o(i.LED0_Off)
    LED0_Toggle                              0x08002bb1   Thumb Code    12  bsp_io.o(i.LED0_Toggle)
    LED1_Off                                 0x08002bc1   Thumb Code    12  bsp_io.o(i.LED1_Off)
    LED1_Toggle                              0x08002bd1   Thumb Code    12  bsp_io.o(i.LED1_Toggle)
    LED2_Off                                 0x08002be1   Thumb Code    12  bsp_io.o(i.LED2_Off)
    LED3_Off                                 0x08002bf1   Thumb Code    12  bsp_io.o(i.LED3_Off)
    LocatorInit                              0x08002c01   Thumb Code    46  pps.o(i.LocatorInit)
    Locator_SerialIsr                        0x08002c3d   Thumb Code   310  pps.o(i.Locator_SerialIsr)
    MemManage_Handler                        0x08002d91   Thumb Code     4  stm32f4xx_it.o(i.MemManage_Handler)
    Motor_Init                               0x08002d95   Thumb Code   324  esc.o(i.Motor_Init)
    Motor_SetControlMode                     0x08002ee5   Thumb Code    72  esc.o(i.Motor_SetControlMode)
    Motor_SetPosition                        0x08002f35   Thumb Code    72  esc.o(i.Motor_SetPosition)
    Motor_SetPositionPIDRatio                0x08002f85   Thumb Code   308  esc.o(i.Motor_SetPositionPIDRatio)
    Motor_SetVelocity                        0x080030e1   Thumb Code    72  esc.o(i.Motor_SetVelocity)
    Motor_SetVelocityPIDRatio                0x08003131   Thumb Code   300  esc.o(i.Motor_SetVelocityPIDRatio)
    NMI_Handler                              0x08003279   Thumb Code     2  stm32f4xx_it.o(i.NMI_Handler)
    NVIC_Init                                0x0800327d   Thumb Code   106  misc.o(i.NVIC_Init)
    NVIC_PriorityGroupConfig                 0x080032f5   Thumb Code    10  misc.o(i.NVIC_PriorityGroupConfig)
    OrientationClear                         0x08003309   Thumb Code    94  movebase.o(i.OrientationClear)
    OutputVel2Wheel                          0x08003381   Thumb Code   222  movebase.o(i.OutputVel2Wheel)
    PID_Increment_Calc                       0x08003475   Thumb Code   172  pid.o(i.PID_Increment_Calc)
    PID_Regular_Cacl                         0x0800352d   Thumb Code   178  pid.o(i.PID_Regular_Cacl)
    Pack_Deal_API_Data_Pack                  0x080035f1   Thumb Code   108  pack_deal.o(i.Pack_Deal_API_Data_Pack)
    PendSV_Handler                           0x0800365d   Thumb Code     2  stm32f4xx_it.o(i.PendSV_Handler)
    PosCrl                                   0x08003661   Thumb Code   582  esc.o(i.PosCrl)
    RCC_AHB1PeriphClockCmd                   0x080038c5   Thumb Code    26  stm32f4xx_rcc.o(i.RCC_AHB1PeriphClockCmd)
    RCC_APB1PeriphClockCmd                   0x080038e5   Thumb Code    26  stm32f4xx_rcc.o(i.RCC_APB1PeriphClockCmd)
    RCC_APB1PeriphResetCmd                   0x08003905   Thumb Code    26  stm32f4xx_rcc.o(i.RCC_APB1PeriphResetCmd)
    RCC_APB2PeriphClockCmd                   0x08003925   Thumb Code    26  stm32f4xx_rcc.o(i.RCC_APB2PeriphClockCmd)
    RCC_GetClocksFreq                        0x08003945   Thumb Code   214  stm32f4xx_rcc.o(i.RCC_GetClocksFreq)
    Remote_GetChanalValue                    0x08003a2d   Thumb Code   164  remote.o(i.Remote_GetChanalValue)
    Remote_SerialIsr                         0x08003ad9   Thumb Code   200  remote.o(i.Remote_SerialIsr)
    ReturnLimitAngle                         0x08003bb5   Thumb Code   118  movebase.o(i.ReturnLimitAngle)
    RobotInit                                0x08003c3d   Thumb Code    38  robot.o(i.RobotInit)
    SBUS_Decode                              0x08003c65   Thumb Code   374  remote.o(i.SBUS_Decode)
    SVC_Handler                              0x08003de5   Thumb Code     2  stm32f4xx_it.o(i.SVC_Handler)
    SendCmd2Driver                           0x08003de9   Thumb Code   262  movebase.o(i.SendCmd2Driver)
    SendPosCmd                               0x08003ef5   Thumb Code   298  esc.o(i.SendPosCmd)
    Serial_SendByte                          0x0800402d   Thumb Code    30  bsp_serial.o(i.Serial_SendByte)
    Serial_SendString                        0x0800404b   Thumb Code    30  bsp_serial.o(i.Serial_SendString)
    SetJoggingVel                            0x08004069   Thumb Code   294  esc.o(i.SetJoggingVel)
    SysTick_CLKSourceConfig                  0x08004289   Thumb Code    40  misc.o(i.SysTick_CLKSourceConfig)
    SysTick_Handler                          0x080042b1   Thumb Code     2  stm32f4xx_it.o(i.SysTick_Handler)
    SystemInit                               0x080042b5   Thumb Code    88  system_stm32f4xx.o(i.SystemInit)
    TIM2_5ms_Tasks                           0x0800431d   Thumb Code    36  task.o(i.TIM2_5ms_Tasks)
    TIM2_IRQHandler                          0x08004345   Thumb Code    72  stm32f4xx_it.o(i.TIM2_IRQHandler)
    TIM2_Start                               0x0800439d   Thumb Code    22  bsp_timer.o(i.TIM2_Start)
    TIM5_10ms_Tasks                          0x080043b5   Thumb Code    40  task.o(i.TIM5_10ms_Tasks)
    TIM5_IRQHandler                          0x080043e1   Thumb Code    34  stm32f4xx_it.o(i.TIM5_IRQHandler)
    TIM5_Start                               0x08004409   Thumb Code    22  bsp_timer.o(i.TIM5_Start)
    TIM_ARRPreloadConfig                     0x08004425   Thumb Code    24  stm32f4xx_tim.o(i.TIM_ARRPreloadConfig)
    TIM_ClearFlag                            0x0800443d   Thumb Code     6  stm32f4xx_tim.o(i.TIM_ClearFlag)
    TIM_ClearITPendingBit                    0x08004443   Thumb Code     6  stm32f4xx_tim.o(i.TIM_ClearITPendingBit)
    TIM_Cmd                                  0x08004449   Thumb Code    24  stm32f4xx_tim.o(i.TIM_Cmd)
    TIM_GetITStatus                          0x08004461   Thumb Code    34  stm32f4xx_tim.o(i.TIM_GetITStatus)
    TIM_ITConfig                             0x08004483   Thumb Code    18  stm32f4xx_tim.o(i.TIM_ITConfig)
    TIM_TimeBaseInit                         0x08004495   Thumb Code   104  stm32f4xx_tim.o(i.TIM_TimeBaseInit)
    Task_DisableControl                      0x08004519   Thumb Code    92  esc.o(i.Task_DisableControl)
    Task_GetCasterStatus                     0x08004585   Thumb Code   172  robot.o(i.Task_GetCasterStatus)
    Task_JudgeKickerFlag                     0x08004641   Thumb Code    64  cylinder.o(i.Task_JudgeKickerFlag)
    Task_RemoteAnalyse                       0x08004685   Thumb Code   740  manul.o(i.Task_RemoteAnalyse)
    Task_RemoteControl                       0x080049a9   Thumb Code   174  esc.o(i.Task_RemoteControl)
    Transform2CasterCoordinate               0x08004a79   Thumb Code   100  movebase.o(i.Transform2CasterCoordinate)
    Transform2WheelCoordinate                0x08004add   Thumb Code   100  movebase.o(i.Transform2WheelCoordinate)
    TurnInferiorArc                          0x08004b45   Thumb Code    66  movebase.o(i.TurnInferiorArc)
    USART1_IRQHandler                        0x08004b95   Thumb Code     8  stm32f4xx_it.o(i.USART1_IRQHandler)
    USART2_IRQHandler                        0x08004b9d   Thumb Code     8  stm32f4xx_it.o(i.USART2_IRQHandler)
    USART3_IRQHandler                        0x08004ba5   Thumb Code     2  stm32f4xx_it.o(i.USART3_IRQHandler)
    USART_ClearITPendingBit                  0x08004ba7   Thumb Code    30  stm32f4xx_usart.o(i.USART_ClearITPendingBit)
    USART_Cmd                                0x08004bc5   Thumb Code    24  stm32f4xx_usart.o(i.USART_Cmd)
    USART_GetFlagStatus                      0x08004bdd   Thumb Code    26  stm32f4xx_usart.o(i.USART_GetFlagStatus)
    USART_ITConfig                           0x08004bf7   Thumb Code    74  stm32f4xx_usart.o(i.USART_ITConfig)
    USART_Init                               0x08004c41   Thumb Code   204  stm32f4xx_usart.o(i.USART_Init)
    USART_ReceiveData                        0x08004d15   Thumb Code    10  stm32f4xx_usart.o(i.USART_ReceiveData)
    USART_SendData                           0x08004d1f   Thumb Code     8  stm32f4xx_usart.o(i.USART_SendData)
    UsageFault_Handler                       0x08004d27   Thumb Code     4  stm32f4xx_it.o(i.UsageFault_Handler)
    ValueInRange_u                           0x08004d2b   Thumb Code    18  algorithm.o(i.ValueInRange_u)
    Vel2RotateVel                            0x08004d3d   Thumb Code    34  movebase.o(i.Vel2RotateVel)
    VelControl                               0x08004d6d   Thumb Code   140  esc.o(i.VelControl)
    VelCrl                                   0x08004e1d   Thumb Code   366  esc.o(i.VelCrl)
    WheelAngle2PositionInverseTransform      0x08004fa1   Thumb Code    46  movebase.o(i.WheelAngle2PositionInverseTransform)
    WheelAngle2PositionTransform             0x08004fdd   Thumb Code    44  movebase.o(i.WheelAngle2PositionTransform)
    WheelVelControl                          0x08005015   Thumb Code   224  movebase.o(i.WheelVelControl)
    __ARM_fpclassify                         0x08005105   Thumb Code    48  fpclassify.o(i.__ARM_fpclassify)
    __ARM_fpclassifyf                        0x08005135   Thumb Code    38  fpclassifyf.o(i.__ARM_fpclassifyf)
    __hardfp_atan2f                          0x0800515d   Thumb Code   502  atan2f.o(i.__hardfp_atan2f)
    __hardfp_fabs                            0x080053ad   Thumb Code    20  fabs.o(i.__hardfp_fabs)
    __mathlib_flt_infnan2                    0x080053c1   Thumb Code     6  funder.o(i.__mathlib_flt_infnan2)
    __mathlib_flt_underflow                  0x080053c9   Thumb Code    10  funder.o(i.__mathlib_flt_underflow)
    absLimit                                 0x080053d9   Thumb Code    46  algorithm.o(i.absLimit)
    f2int                                    0x08005435   Thumb Code    88  movebase.o(i.f2int)
    main                                     0x0800549d   Thumb Code   434  main.o(i.main)
    _get_lc_numeric                          0x0800567d   Thumb Code    44  lc_numeric_c.o(locale$$code)
    __aeabi_d2f                              0x080056a9   Thumb Code     0  d2f.o(x$fpl$d2f)
    _d2f                                     0x080056a9   Thumb Code    98  d2f.o(x$fpl$d2f)
    __aeabi_dadd                             0x0800570d   Thumb Code     0  daddsub_clz.o(x$fpl$dadd)
    _dadd                                    0x0800570d   Thumb Code   332  daddsub_clz.o(x$fpl$dadd)
    __fpl_dcmp_Inf                           0x0800585d   Thumb Code    24  dcmpi.o(x$fpl$dcmpinf)
    __aeabi_cdcmple                          0x08005875   Thumb Code     0  dleqf.o(x$fpl$dleqf)
    _dcmple                                  0x08005875   Thumb Code   120  dleqf.o(x$fpl$dleqf)
    __fpl_dcmple_InfNaN                      0x080058d7   Thumb Code     0  dleqf.o(x$fpl$dleqf)
    __fpl_dnaninf                            0x080058ed   Thumb Code   156  dnaninf.o(x$fpl$dnaninf)
    __fpl_dretinf                            0x08005989   Thumb Code    12  dretinf.o(x$fpl$dretinf)
    __aeabi_cdrcmple                         0x08005995   Thumb Code     0  drleqf.o(x$fpl$drleqf)
    _drcmple                                 0x08005995   Thumb Code   108  drleqf.o(x$fpl$drleqf)
    __aeabi_dsub                             0x08005a01   Thumb Code     0  daddsub_clz.o(x$fpl$dsub)
    _dsub                                    0x08005a01   Thumb Code   464  daddsub_clz.o(x$fpl$dsub)
    __aeabi_f2d                              0x08005bd5   Thumb Code     0  f2d.o(x$fpl$f2d)
    _f2d                                     0x08005bd5   Thumb Code    86  f2d.o(x$fpl$f2d)
    __fpl_fnaninf                            0x08005c2b   Thumb Code   140  fnaninf.o(x$fpl$fnaninf)
    _fp_init                                 0x08005cb7   Thumb Code    10  fpinit.o(x$fpl$fpinit)
    __fplib_config_fpu_vfp                   0x08005cbf   Thumb Code     0  fpinit.o(x$fpl$fpinit)
    __fplib_config_pureend_doubles           0x08005cbf   Thumb Code     0  fpinit.o(x$fpl$fpinit)
    __fpl_fretinf                            0x08005cc1   Thumb Code    10  fretinf.o(x$fpl$fretinf)
    _printf_fp_dec                           0x08005ccb   Thumb Code     4  printf1.o(x$fpl$printf1)
    __I$use$fp                               0x08005cce   Number         0  usenofp.o(x$fpl$usenofp)
    Region$$Table$$Base                      0x0800666c   Number         0  anon$$obj.o(Region$$Table)
    Region$$Table$$Limit                     0x0800668c   Number         0  anon$$obj.o(Region$$Table)
    g_Print_FinishFlag                       0x20000036   Data           1  main.o(.data)
    LocatorUpdated                           0x2000003c   Data           1  pps.o(.data)
    RaceSide                                 0x2000003d   Data           1  pps.o(.data)
    TxMsg                                    0x2000003e   Data          16  pps.o(.data)
    TxIndex                                  0x2000004e   Data           1  pps.o(.data)
    MsgLength                                0x2000004f   Data           1  pps.o(.data)
    RockerValue_LX                           0x20000084   Data           4  manul.o(.data)
    RockerValue_LY                           0x20000088   Data           4  manul.o(.data)
    RockerValue_RX                           0x2000008c   Data           4  manul.o(.data)
    RockerValue_RY                           0x20000090   Data           4  manul.o(.data)
    Vel_Vector                               0x20000094   Data           4  manul.o(.data)
    Vel_ControlValue                         0x20000098   Data           4  manul.o(.data)
    RemoteStatus                             0x2000009c   Data           1  manul.o(.data)
    finalVel                                 0x200000a0   Data           8  task.o(.data)
    CasterStatus                             0x200000b0   Data           1  robot.o(.data)
    g_Joystick_Frame_Num                     0x200000b4   Data           1  joystick.o(.data)
    g_Display_usart                          0x200000e8   Data         500  main.o(.bss)
    LocatorInfo                              0x200002dc   Data          24  pps.o(.bss)
    ppsReturn                                0x200002f4   Data          24  pps.o(.bss)
    C610                                     0x20000324   Data          96  esc.o(.bss)
    C620                                     0x20000384   Data          96  esc.o(.bss)
    PID_C610_Position                        0x200003e4   Data         208  esc.o(.bss)
    PID_C620_Position                        0x200004b4   Data         208  esc.o(.bss)
    PID_C610_Velocity                        0x20000584   Data         224  esc.o(.bss)
    PID_C620_Velocity                        0x20000664   Data         224  esc.o(.bss)
    SBUS_MsgPack                             0x2000076c   Data          25  remote.o(.bss)
    SBUS_ChanelVal                           0x20000786   Data          32  remote.o(.bss)
    Remote                                   0x200007a6   Data          18  remote.o(.bss)
    gRobot                                   0x200007b8   Data         236  task.o(.bss)
    g_Joystick_t                             0x200008a4   Data          16  joystick.o(.bss)
    __libspace_start                         0x200008e8   Data          96  libspace.o(.bss)
    __temporary_stack_top$libspace           0x20000948   Data           0  libspace.o(.bss)



==============================================================================

Memory Map of the image

  Image Entry point : 0x08000189

  Load Region LR_IROM1 (Base: 0x08000000, Size: 0x00006790, Max: 0x00100000, ABSOLUTE)

    Execution Region ER_IROM1 (Exec base: 0x08000000, Load base: 0x08000000, Size: 0x000066a8, Max: 0x00100000, ABSOLUTE)

    Exec Addr    Load Addr    Size         Type   Attr      Idx    E Section Name        Object

    0x08000000   0x08000000   0x00000188   Data   RO         1532    RESET               startup_stm32f40_41xxx.o
    0x08000188   0x08000188   0x00000008   Code   RO         3964  * !!!main             c_w.l(__main.o)
    0x08000190   0x08000190   0x00000034   Code   RO         4308    !!!scatter          c_w.l(__scatter.o)
    0x080001c4   0x080001c4   0x0000001a   Code   RO         4310    !!handler_copy      c_w.l(__scatter_copy.o)
    0x080001de   0x080001de   0x00000002   PAD
    0x080001e0   0x080001e0   0x0000001c   Code   RO         4312    !!handler_zi        c_w.l(__scatter_zi.o)
    0x080001fc   0x080001fc   0x00000000   Code   RO         3955    .ARM.Collect$$_printf_percent$$00000000  c_w.l(_printf_percent.o)
    0x080001fc   0x080001fc   0x00000006   Code   RO         3954    .ARM.Collect$$_printf_percent$$00000003  c_w.l(_printf_f.o)
    0x08000202   0x08000202   0x00000004   Code   RO         4035    .ARM.Collect$$_printf_percent$$00000017  c_w.l(_printf_percent_end.o)
    0x08000206   0x08000206   0x00000002   Code   RO         4177    .ARM.Collect$$libinit$$00000000  c_w.l(libinit.o)
    0x08000208   0x08000208   0x00000004   Code   RO         4178    .ARM.Collect$$libinit$$00000001  c_w.l(libinit2.o)
    0x0800020c   0x0800020c   0x00000000   Code   RO         4181    .ARM.Collect$$libinit$$00000004  c_w.l(libinit2.o)
    0x0800020c   0x0800020c   0x00000000   Code   RO         4184    .ARM.Collect$$libinit$$0000000A  c_w.l(libinit2.o)
    0x0800020c   0x0800020c   0x00000000   Code   RO         4186    .ARM.Collect$$libinit$$0000000C  c_w.l(libinit2.o)
    0x0800020c   0x0800020c   0x00000000   Code   RO         4188    .ARM.Collect$$libinit$$0000000E  c_w.l(libinit2.o)
    0x0800020c   0x0800020c   0x00000006   Code   RO         4189    .ARM.Collect$$libinit$$0000000F  c_w.l(libinit2.o)
    0x08000212   0x08000212   0x00000000   Code   RO         4191    .ARM.Collect$$libinit$$00000011  c_w.l(libinit2.o)
    0x08000212   0x08000212   0x00000000   Code   RO         4193    .ARM.Collect$$libinit$$00000013  c_w.l(libinit2.o)
    0x08000212   0x08000212   0x00000000   Code   RO         4195    .ARM.Collect$$libinit$$00000015  c_w.l(libinit2.o)
    0x08000212   0x08000212   0x0000000a   Code   RO         4196    .ARM.Collect$$libinit$$00000016  c_w.l(libinit2.o)
    0x0800021c   0x0800021c   0x00000000   Code   RO         4197    .ARM.Collect$$libinit$$00000017  c_w.l(libinit2.o)
    0x0800021c   0x0800021c   0x00000000   Code   RO         4199    .ARM.Collect$$libinit$$00000019  c_w.l(libinit2.o)
    0x0800021c   0x0800021c   0x00000000   Code   RO         4201    .ARM.Collect$$libinit$$0000001B  c_w.l(libinit2.o)
    0x0800021c   0x0800021c   0x00000000   Code   RO         4203    .ARM.Collect$$libinit$$0000001D  c_w.l(libinit2.o)
    0x0800021c   0x0800021c   0x00000000   Code   RO         4205    .ARM.Collect$$libinit$$0000001F  c_w.l(libinit2.o)
    0x0800021c   0x0800021c   0x00000000   Code   RO         4207    .ARM.Collect$$libinit$$00000021  c_w.l(libinit2.o)
    0x0800021c   0x0800021c   0x00000000   Code   RO         4209    .ARM.Collect$$libinit$$00000023  c_w.l(libinit2.o)
    0x0800021c   0x0800021c   0x00000000   Code   RO         4211    .ARM.Collect$$libinit$$00000025  c_w.l(libinit2.o)
    0x0800021c   0x0800021c   0x00000000   Code   RO         4215    .ARM.Collect$$libinit$$0000002C  c_w.l(libinit2.o)
    0x0800021c   0x0800021c   0x00000000   Code   RO         4217    .ARM.Collect$$libinit$$0000002E  c_w.l(libinit2.o)
    0x0800021c   0x0800021c   0x00000000   Code   RO         4219    .ARM.Collect$$libinit$$00000030  c_w.l(libinit2.o)
    0x0800021c   0x0800021c   0x00000000   Code   RO         4221    .ARM.Collect$$libinit$$00000032  c_w.l(libinit2.o)
    0x0800021c   0x0800021c   0x00000002   Code   RO         4222    .ARM.Collect$$libinit$$00000033  c_w.l(libinit2.o)
    0x0800021e   0x0800021e   0x00000002   Code   RO         4256    .ARM.Collect$$libshutdown$$00000000  c_w.l(libshutdown.o)
    0x08000220   0x08000220   0x00000000   Code   RO         4267    .ARM.Collect$$libshutdown$$00000002  c_w.l(libshutdown2.o)
    0x08000220   0x08000220   0x00000000   Code   RO         4269    .ARM.Collect$$libshutdown$$00000004  c_w.l(libshutdown2.o)
    0x08000220   0x08000220   0x00000000   Code   RO         4272    .ARM.Collect$$libshutdown$$00000007  c_w.l(libshutdown2.o)
    0x08000220   0x08000220   0x00000000   Code   RO         4275    .ARM.Collect$$libshutdown$$0000000A  c_w.l(libshutdown2.o)
    0x08000220   0x08000220   0x00000000   Code   RO         4277    .ARM.Collect$$libshutdown$$0000000C  c_w.l(libshutdown2.o)
    0x08000220   0x08000220   0x00000000   Code   RO         4280    .ARM.Collect$$libshutdown$$0000000F  c_w.l(libshutdown2.o)
    0x08000220   0x08000220   0x00000002   Code   RO         4281    .ARM.Collect$$libshutdown$$00000010  c_w.l(libshutdown2.o)
    0x08000222   0x08000222   0x00000000   Code   RO         4026    .ARM.Collect$$rtentry$$00000000  c_w.l(__rtentry.o)
    0x08000222   0x08000222   0x00000000   Code   RO         4101    .ARM.Collect$$rtentry$$00000002  c_w.l(__rtentry2.o)
    0x08000222   0x08000222   0x00000006   Code   RO         4113    .ARM.Collect$$rtentry$$00000004  c_w.l(__rtentry4.o)
    0x08000228   0x08000228   0x00000000   Code   RO         4103    .ARM.Collect$$rtentry$$00000009  c_w.l(__rtentry2.o)
    0x08000228   0x08000228   0x00000004   Code   RO         4104    .ARM.Collect$$rtentry$$0000000A  c_w.l(__rtentry2.o)
    0x0800022c   0x0800022c   0x00000000   Code   RO         4106    .ARM.Collect$$rtentry$$0000000C  c_w.l(__rtentry2.o)
    0x0800022c   0x0800022c   0x00000008   Code   RO         4107    .ARM.Collect$$rtentry$$0000000D  c_w.l(__rtentry2.o)
    0x08000234   0x08000234   0x00000002   Code   RO         4225    .ARM.Collect$$rtexit$$00000000  c_w.l(rtexit.o)
    0x08000236   0x08000236   0x00000000   Code   RO         4234    .ARM.Collect$$rtexit$$00000002  c_w.l(rtexit2.o)
    0x08000236   0x08000236   0x00000004   Code   RO         4235    .ARM.Collect$$rtexit$$00000003  c_w.l(rtexit2.o)
    0x0800023a   0x0800023a   0x00000006   Code   RO         4236    .ARM.Collect$$rtexit$$00000004  c_w.l(rtexit2.o)
    0x08000240   0x08000240   0x00000040   Code   RO         1533    .text               startup_stm32f40_41xxx.o
    0x08000280   0x08000280   0x000000d8   Code   RO         3859    .text               arm_cortexM4lf_math.lib(arm_cos_f32.o)
    0x08000358   0x08000358   0x000000d8   Code   RO         3906    .text               arm_cortexM4lf_math.lib(arm_sin_f32.o)
    0x08000430   0x08000430   0x00000028   Code   RO         3930    .text               c_w.l(noretval__2sprintf.o)
    0x08000458   0x08000458   0x00000068   Code   RO         3932    .text               c_w.l(__printf.o)
    0x080004c0   0x080004c0   0x00000064   Code   RO         3958    .text               c_w.l(rt_memcpy_w.o)
    0x08000524   0x08000524   0x0000004e   Code   RO         3960    .text               c_w.l(rt_memclr_w.o)
    0x08000572   0x08000572   0x00000006   Code   RO         3962    .text               c_w.l(heapauxi.o)
    0x08000578   0x08000578   0x0000041e   Code   RO         4029    .text               c_w.l(_printf_fp_dec.o)
    0x08000996   0x08000996   0x00000002   PAD
    0x08000998   0x08000998   0x00000030   Code   RO         4031    .text               c_w.l(_printf_char_common.o)
    0x080009c8   0x080009c8   0x0000000a   Code   RO         4033    .text               c_w.l(_sputc.o)
    0x080009d2   0x080009d2   0x00000002   PAD
    0x080009d4   0x080009d4   0x00000008   Code   RO         4118    .text               c_w.l(rt_locale_intlibspace.o)
    0x080009dc   0x080009dc   0x0000008a   Code   RO         4125    .text               c_w.l(lludiv10.o)
    0x08000a66   0x08000a66   0x00000002   PAD
    0x08000a68   0x08000a68   0x00000080   Code   RO         4127    .text               c_w.l(_printf_fp_infnan.o)
    0x08000ae8   0x08000ae8   0x000000e4   Code   RO         4131    .text               c_w.l(bigflt0.o)
    0x08000bcc   0x08000bcc   0x00000008   Code   RO         4163    .text               c_w.l(libspace.o)
    0x08000bd4   0x08000bd4   0x0000004a   Code   RO         4166    .text               c_w.l(sys_stackheap_outer.o)
    0x08000c1e   0x08000c1e   0x00000012   Code   RO         4168    .text               c_w.l(exit.o)
    0x08000c30   0x08000c30   0x00000080   Code   RO         4170    .text               c_w.l(strcmpv7m.o)
    0x08000cb0   0x08000cb0   0x0000000c   Code   RO         4246    .text               c_w.l(sys_exit.o)
    0x08000cbc   0x08000cbc   0x00000002   Code   RO         4257    .text               c_w.l(use_no_semi.o)
    0x08000cbe   0x08000cbe   0x00000000   Code   RO         4259    .text               c_w.l(indicate_semi.o)
    0x08000cbe   0x08000cbe   0x0000003e   Code   RO         4134    CL$$btod_d2e        c_w.l(btod.o)
    0x08000cfc   0x08000cfc   0x00000046   Code   RO         4136    CL$$btod_d2e_denorm_low  c_w.l(btod.o)
    0x08000d42   0x08000d42   0x00000060   Code   RO         4135    CL$$btod_d2e_norm_op1  c_w.l(btod.o)
    0x08000da2   0x08000da2   0x00000338   Code   RO         4144    CL$$btod_div_common  c_w.l(btod.o)
    0x080010da   0x080010da   0x000000dc   Code   RO         4141    CL$$btod_e2e        c_w.l(btod.o)
    0x080011b6   0x080011b6   0x0000002a   Code   RO         4138    CL$$btod_ediv       c_w.l(btod.o)
    0x080011e0   0x080011e0   0x0000002a   Code   RO         4137    CL$$btod_emul       c_w.l(btod.o)
    0x0800120a   0x0800120a   0x00000244   Code   RO         4143    CL$$btod_mult_common  c_w.l(btod.o)
    0x0800144e   0x0800144e   0x00000002   PAD
    0x08001450   0x08001450   0x0000004c   Code   RO         1456    i.Analog_Joystick   joystick.o
    0x0800149c   0x0800149c   0x00000084   Code   RO          585    i.AngleLimit        movebase.o
    0x08001520   0x08001520   0x00000038   Code   RO          188    i.BSP_Beep_Init     bsp_io.o
    0x08001558   0x08001558   0x0000003c   Code   RO          310    i.BSP_CAN_Init      bsp_can.o
    0x08001594   0x08001594   0x00000010   Code   RO          189    i.BSP_IO_Init       bsp_io.o
    0x080015a4   0x080015a4   0x0000002c   Code   RO            3    i.BSP_Init          bsp_main.o
    0x080015d0   0x080015d0   0x00000068   Code   RO          190    i.BSP_LED_Init      bsp_io.o
    0x08001638   0x08001638   0x000000b8   Code   RO          336    i.BSP_Serial1_Init  bsp_serial.o
    0x080016f0   0x080016f0   0x000000c0   Code   RO          337    i.BSP_Serial2_Init  bsp_serial.o
    0x080017b0   0x080017b0   0x000000b8   Code   RO          338    i.BSP_Serial3_Init  bsp_serial.o
    0x08001868   0x08001868   0x000000b8   Code   RO          339    i.BSP_Serial6_Init  bsp_serial.o
    0x08001920   0x08001920   0x00000014   Code   RO          340    i.BSP_Serial_Init   bsp_serial.o
    0x08001934   0x08001934   0x0000002c   Code   RO          148    i.BSP_SystickInit   bsp_systick.o
    0x08001960   0x08001960   0x00000048   Code   RO          398    i.BSP_TIM2_Init     bsp_timer.o
    0x080019a8   0x080019a8   0x00000054   Code   RO          399    i.BSP_TIM5_Init     bsp_timer.o
    0x080019fc   0x080019fc   0x00000014   Code   RO          400    i.BSP_Timer_Init    bsp_timer.o
    0x08001a10   0x08001a10   0x00000044   Code   RO          191    i.BSP_Valve_Init    bsp_io.o
    0x08001a54   0x08001a54   0x00000010   Code   RO          192    i.Beep_Off          bsp_io.o
    0x08001a64   0x08001a64   0x00000010   Code   RO          193    i.Beep_On           bsp_io.o
    0x08001a74   0x08001a74   0x00000004   Code   RO          805    i.BusFault_Handler  stm32f4xx_it.o
    0x08001a78   0x08001a78   0x000000b4   Code   RO         1033    i.C610_GetFeedbackInfo  esc.o
    0x08001b2c   0x08001b2c   0x000000b4   Code   RO         1034    i.C620_GetFeedbackInfo  esc.o
    0x08001be0   0x08001be0   0x00000038   Code   RO          806    i.CAN1_RX0_IRQHandler  stm32f4xx_it.o
    0x08001c18   0x08001c18   0x0000001c   Code   RO          807    i.CAN1_TX_IRQHandler  stm32f4xx_it.o
    0x08001c34   0x08001c34   0x00000044   Code   RO          808    i.CAN2_RX0_IRQHandler  stm32f4xx_it.o
    0x08001c78   0x08001c78   0x0000001c   Code   RO          809    i.CAN2_TX_IRQHandler  stm32f4xx_it.o
    0x08001c94   0x08001c94   0x00000038   Code   RO         1584    i.CAN_ClearFlag     stm32f4xx_can.o
    0x08001ccc   0x08001ccc   0x000000a8   Code   RO         1585    i.CAN_ClearITPendingBit  stm32f4xx_can.o
    0x08001d74   0x08001d74   0x0000027c   Code   RO          311    i.CAN_Config        bsp_can.o
    0x08001ff0   0x08001ff0   0x00000038   Code   RO         1587    i.CAN_DeInit        stm32f4xx_can.o
    0x08002028   0x08002028   0x00000108   Code   RO         1589    i.CAN_FilterInit    stm32f4xx_can.o
    0x08002130   0x08002130   0x00000120   Code   RO         1591    i.CAN_GetITStatus   stm32f4xx_can.o
    0x08002250   0x08002250   0x00000012   Code   RO         1595    i.CAN_ITConfig      stm32f4xx_can.o
    0x08002262   0x08002262   0x00000114   Code   RO         1596    i.CAN_Init          stm32f4xx_can.o
    0x08002376   0x08002376   0x000000f0   Code   RO         1599    i.CAN_Receive       stm32f4xx_can.o
    0x08002466   0x08002466   0x00000126   Code   RO         1604    i.CAN_Transmit      stm32f4xx_can.o
    0x0800258c   0x0800258c   0x000000a0   Code   RO          586    i.CalcSteerLoopShift  movebase.o
    0x0800262c   0x0800262c   0x00000054   Code   RO          587    i.CalcWheelActAngle  movebase.o
    0x08002680   0x08002680   0x0000017c   Code   RO          588    i.CalcWheelSpeed    movebase.o
    0x080027fc   0x080027fc   0x00000012   Code   RO         1607    i.CheckITStatus     stm32f4xx_can.o
    0x0800280e   0x0800280e   0x0000001a   Code   RO         1332    i.ConfigTask        task.o
    0x08002828   0x08002828   0x00000002   Code   RO          810    i.DebugMon_Handler  stm32f4xx_it.o
    0x0800282a   0x0800282a   0x0000002e   Code   RO          149    i.Delay_ms          bsp_systick.o
    0x08002858   0x08002858   0x0000004c   Code   RO          151    i.Delay_xms         bsp_systick.o
    0x080028a4   0x080028a4   0x0000006c   Code   RO         1035    i.DisableCrl        esc.o
    0x08002910   0x08002910   0x00000090   Code   RO         2194    i.GPIO_Init         stm32f4xx_gpio.o
    0x080029a0   0x080029a0   0x00000046   Code   RO         2195    i.GPIO_PinAFConfig  stm32f4xx_gpio.o
    0x080029e6   0x080029e6   0x00000004   Code   RO         2201    i.GPIO_ResetBits    stm32f4xx_gpio.o
    0x080029ea   0x080029ea   0x00000004   Code   RO         2202    i.GPIO_SetBits      stm32f4xx_gpio.o
    0x080029ee   0x080029ee   0x00000008   Code   RO         2204    i.GPIO_ToggleBits   stm32f4xx_gpio.o
    0x080029f6   0x080029f6   0x00000002   PAD
    0x080029f8   0x080029f8   0x00000024   Code   RO          936    i.GetAngle          pps.o
    0x08002a1c   0x08002a1c   0x00000004   Code   RO          811    i.HardFault_Handler  stm32f4xx_it.o
    0x08002a20   0x08002a20   0x00000024   Code   RO         1457    i.Joystick_Init     joystick.o
    0x08002a44   0x08002a44   0x00000130   Code   RO          589    i.JudgeVelDirection  movebase.o
    0x08002b74   0x08002b74   0x00000018   Code   RO         1260    i.KickerCmdReset    cylinder.o
    0x08002b8c   0x08002b8c   0x00000014   Code   RO         1266    i.KickerReset       cylinder.o
    0x08002ba0   0x08002ba0   0x00000010   Code   RO          194    i.LED0_Off          bsp_io.o
    0x08002bb0   0x08002bb0   0x00000010   Code   RO          196    i.LED0_Toggle       bsp_io.o
    0x08002bc0   0x08002bc0   0x00000010   Code   RO          197    i.LED1_Off          bsp_io.o
    0x08002bd0   0x08002bd0   0x00000010   Code   RO          199    i.LED1_Toggle       bsp_io.o
    0x08002be0   0x08002be0   0x00000010   Code   RO          200    i.LED2_Off          bsp_io.o
    0x08002bf0   0x08002bf0   0x00000010   Code   RO          203    i.LED3_Off          bsp_io.o
    0x08002c00   0x08002c00   0x0000003c   Code   RO          942    i.LocatorInit       pps.o
    0x08002c3c   0x08002c3c   0x00000154   Code   RO          943    i.Locator_SerialIsr  pps.o
    0x08002d90   0x08002d90   0x00000004   Code   RO          812    i.MemManage_Handler  stm32f4xx_it.o
    0x08002d94   0x08002d94   0x00000150   Code   RO         1037    i.Motor_Init        esc.o
    0x08002ee4   0x08002ee4   0x00000050   Code   RO         1038    i.Motor_SetControlMode  esc.o
    0x08002f34   0x08002f34   0x00000050   Code   RO         1039    i.Motor_SetPosition  esc.o
    0x08002f84   0x08002f84   0x0000015c   Code   RO         1040    i.Motor_SetPositionPIDRatio  esc.o
    0x080030e0   0x080030e0   0x00000050   Code   RO         1041    i.Motor_SetVelocity  esc.o
    0x08003130   0x08003130   0x00000148   Code   RO         1042    i.Motor_SetVelocityPIDRatio  esc.o
    0x08003278   0x08003278   0x00000002   Code   RO          813    i.NMI_Handler       stm32f4xx_it.o
    0x0800327a   0x0800327a   0x00000002   PAD
    0x0800327c   0x0800327c   0x00000078   Code   RO         1539    i.NVIC_Init         misc.o
    0x080032f4   0x080032f4   0x00000014   Code   RO         1540    i.NVIC_PriorityGroupConfig  misc.o
    0x08003308   0x08003308   0x00000078   Code   RO          590    i.OrientationClear  movebase.o
    0x08003380   0x08003380   0x000000f4   Code   RO          591    i.OutputVel2Wheel   movebase.o
    0x08003474   0x08003474   0x000000b8   Code   RO          442    i.PID_Increment_Calc  pid.o
    0x0800352c   0x0800352c   0x000000c4   Code   RO          445    i.PID_Regular_Cacl  pid.o
    0x080035f0   0x080035f0   0x0000006c   Code   RO         1414    i.Pack_Deal_API_Data_Pack  pack_deal.o
    0x0800365c   0x0800365c   0x00000002   Code   RO          814    i.PendSV_Handler    stm32f4xx_it.o
    0x0800365e   0x0800365e   0x00000002   PAD
    0x08003660   0x08003660   0x00000264   Code   RO         1043    i.PosCrl            esc.o
    0x080038c4   0x080038c4   0x00000020   Code   RO         2463    i.RCC_AHB1PeriphClockCmd  stm32f4xx_rcc.o
    0x080038e4   0x080038e4   0x00000020   Code   RO         2472    i.RCC_APB1PeriphClockCmd  stm32f4xx_rcc.o
    0x08003904   0x08003904   0x00000020   Code   RO         2474    i.RCC_APB1PeriphResetCmd  stm32f4xx_rcc.o
    0x08003924   0x08003924   0x00000020   Code   RO         2475    i.RCC_APB2PeriphClockCmd  stm32f4xx_rcc.o
    0x08003944   0x08003944   0x000000e8   Code   RO         2484    i.RCC_GetClocksFreq  stm32f4xx_rcc.o
    0x08003a2c   0x08003a2c   0x000000ac   Code   RO         1164    i.Remote_GetChanalValue  remote.o
    0x08003ad8   0x08003ad8   0x000000dc   Code   RO         1166    i.Remote_SerialIsr  remote.o
    0x08003bb4   0x08003bb4   0x00000088   Code   RO          592    i.ReturnLimitAngle  movebase.o
    0x08003c3c   0x08003c3c   0x00000026   Code   RO         1378    i.RobotInit         robot.o
    0x08003c62   0x08003c62   0x00000002   PAD
    0x08003c64   0x08003c64   0x00000180   Code   RO         1167    i.SBUS_Decode       remote.o
    0x08003de4   0x08003de4   0x00000002   Code   RO          815    i.SVC_Handler       stm32f4xx_it.o
    0x08003de6   0x08003de6   0x00000002   PAD
    0x08003de8   0x08003de8   0x0000010c   Code   RO          594    i.SendCmd2Driver    movebase.o
    0x08003ef4   0x08003ef4   0x00000138   Code   RO         1044    i.SendPosCmd        esc.o
    0x0800402c   0x0800402c   0x0000001e   Code   RO          342    i.Serial_SendByte   bsp_serial.o
    0x0800404a   0x0800404a   0x0000001e   Code   RO          343    i.Serial_SendString  bsp_serial.o
    0x08004068   0x08004068   0x00000134   Code   RO         1045    i.SetJoggingVel     esc.o
    0x0800419c   0x0800419c   0x000000ec   Code   RO         1495    i.SetSysClock       system_stm32f4xx.o
    0x08004288   0x08004288   0x00000028   Code   RO         1543    i.SysTick_CLKSourceConfig  misc.o
    0x080042b0   0x080042b0   0x00000002   Code   RO          816    i.SysTick_Handler   stm32f4xx_it.o
    0x080042b2   0x080042b2   0x00000002   PAD
    0x080042b4   0x080042b4   0x00000068   Code   RO         1497    i.SystemInit        system_stm32f4xx.o
    0x0800431c   0x0800431c   0x00000028   Code   RO         1333    i.TIM2_5ms_Tasks    task.o
    0x08004344   0x08004344   0x00000058   Code   RO          817    i.TIM2_IRQHandler   stm32f4xx_it.o
    0x0800439c   0x0800439c   0x00000016   Code   RO          401    i.TIM2_Start        bsp_timer.o
    0x080043b2   0x080043b2   0x00000002   PAD
    0x080043b4   0x080043b4   0x0000002c   Code   RO         1334    i.TIM5_10ms_Tasks   task.o
    0x080043e0   0x080043e0   0x00000028   Code   RO          818    i.TIM5_IRQHandler   stm32f4xx_it.o
    0x08004408   0x08004408   0x0000001c   Code   RO          402    i.TIM5_Start        bsp_timer.o
    0x08004424   0x08004424   0x00000018   Code   RO         3113    i.TIM_ARRPreloadConfig  stm32f4xx_tim.o
    0x0800443c   0x0800443c   0x00000006   Code   RO         3119    i.TIM_ClearFlag     stm32f4xx_tim.o
    0x08004442   0x08004442   0x00000006   Code   RO         3120    i.TIM_ClearITPendingBit  stm32f4xx_tim.o
    0x08004448   0x08004448   0x00000018   Code   RO         3125    i.TIM_Cmd           stm32f4xx_tim.o
    0x08004460   0x08004460   0x00000022   Code   RO         3146    i.TIM_GetITStatus   stm32f4xx_tim.o
    0x08004482   0x08004482   0x00000012   Code   RO         3150    i.TIM_ITConfig      stm32f4xx_tim.o
    0x08004494   0x08004494   0x00000084   Code   RO         3197    i.TIM_TimeBaseInit  stm32f4xx_tim.o
    0x08004518   0x08004518   0x0000006c   Code   RO         1046    i.Task_DisableControl  esc.o
    0x08004584   0x08004584   0x000000bc   Code   RO         1379    i.Task_GetCasterStatus  robot.o
    0x08004640   0x08004640   0x00000044   Code   RO         1267    i.Task_JudgeKickerFlag  cylinder.o
    0x08004684   0x08004684   0x00000324   Code   RO         1223    i.Task_RemoteAnalyse  manul.o
    0x080049a8   0x080049a8   0x000000d0   Code   RO         1047    i.Task_RemoteControl  esc.o
    0x08004a78   0x08004a78   0x00000064   Code   RO          595    i.Transform2CasterCoordinate  movebase.o
    0x08004adc   0x08004adc   0x00000068   Code   RO          596    i.Transform2WheelCoordinate  movebase.o
    0x08004b44   0x08004b44   0x00000050   Code   RO          597    i.TurnInferiorArc   movebase.o
    0x08004b94   0x08004b94   0x00000008   Code   RO          819    i.USART1_IRQHandler  stm32f4xx_it.o
    0x08004b9c   0x08004b9c   0x00000008   Code   RO          820    i.USART2_IRQHandler  stm32f4xx_it.o
    0x08004ba4   0x08004ba4   0x00000002   Code   RO          821    i.USART3_IRQHandler  stm32f4xx_it.o
    0x08004ba6   0x08004ba6   0x0000001e   Code   RO         3672    i.USART_ClearITPendingBit  stm32f4xx_usart.o
    0x08004bc4   0x08004bc4   0x00000018   Code   RO         3675    i.USART_Cmd         stm32f4xx_usart.o
    0x08004bdc   0x08004bdc   0x0000001a   Code   RO         3678    i.USART_GetFlagStatus  stm32f4xx_usart.o
    0x08004bf6   0x08004bf6   0x0000004a   Code   RO         3681    i.USART_ITConfig    stm32f4xx_usart.o
    0x08004c40   0x08004c40   0x000000d4   Code   RO         3682    i.USART_Init        stm32f4xx_usart.o
    0x08004d14   0x08004d14   0x0000000a   Code   RO         3689    i.USART_ReceiveData  stm32f4xx_usart.o
    0x08004d1e   0x08004d1e   0x00000008   Code   RO         3692    i.USART_SendData    stm32f4xx_usart.o
    0x08004d26   0x08004d26   0x00000004   Code   RO          822    i.UsageFault_Handler  stm32f4xx_it.o
    0x08004d2a   0x08004d2a   0x00000012   Code   RO          515    i.ValueInRange_u    algorithm.o
    0x08004d3c   0x08004d3c   0x00000030   Code   RO          598    i.Vel2RotateVel     movebase.o
    0x08004d6c   0x08004d6c   0x000000b0   Code   RO         1048    i.VelControl        esc.o
    0x08004e1c   0x08004e1c   0x00000184   Code   RO         1049    i.VelCrl            esc.o
    0x08004fa0   0x08004fa0   0x0000003c   Code   RO          599    i.WheelAngle2PositionInverseTransform  movebase.o
    0x08004fdc   0x08004fdc   0x00000038   Code   RO          600    i.WheelAngle2PositionTransform  movebase.o
    0x08005014   0x08005014   0x000000f0   Code   RO          601    i.WheelVelControl   movebase.o
    0x08005104   0x08005104   0x00000030   Code   RO         4079    i.__ARM_fpclassify  m_wm.l(fpclassify.o)
    0x08005134   0x08005134   0x00000026   Code   RO         4081    i.__ARM_fpclassifyf  m_wm.l(fpclassifyf.o)
    0x0800515a   0x0800515a   0x00000002   PAD
    0x0800515c   0x0800515c   0x00000250   Code   RO         3982    i.__hardfp_atan2f   m_wm.l(atan2f.o)
    0x080053ac   0x080053ac   0x00000014   Code   RO         3994    i.__hardfp_fabs     m_wm.l(fabs.o)
    0x080053c0   0x080053c0   0x00000006   Code   RO         4085    i.__mathlib_flt_infnan2  m_wm.l(funder.o)
    0x080053c6   0x080053c6   0x00000002   PAD
    0x080053c8   0x080053c8   0x00000010   Code   RO         4089    i.__mathlib_flt_underflow  m_wm.l(funder.o)
    0x080053d8   0x080053d8   0x0000002e   Code   RO          516    i.absLimit          algorithm.o
    0x08005406   0x08005406   0x00000002   PAD
    0x08005408   0x08005408   0x0000002c   Code   RO         1224    i.arm_sqrt_f32      manul.o
    0x08005434   0x08005434   0x00000068   Code   RO          602    i.f2int             movebase.o
    0x0800549c   0x0800549c   0x000001e0   Code   RO          744    i.main              main.o
    0x0800567c   0x0800567c   0x0000002c   Code   RO         4157    locale$$code        c_w.l(lc_numeric_c.o)
    0x080056a8   0x080056a8   0x00000062   Code   RO         3966    x$fpl$d2f           fz_wm.l(d2f.o)
    0x0800570a   0x0800570a   0x00000002   PAD
    0x0800570c   0x0800570c   0x00000150   Code   RO         3968    x$fpl$dadd          fz_wm.l(daddsub_clz.o)
    0x0800585c   0x0800585c   0x00000018   Code   RO         4038    x$fpl$dcmpinf       fz_wm.l(dcmpi.o)
    0x08005874   0x08005874   0x00000078   Code   RO         3974    x$fpl$dleqf         fz_wm.l(dleqf.o)
    0x080058ec   0x080058ec   0x0000009c   Code   RO         4052    x$fpl$dnaninf       fz_wm.l(dnaninf.o)
    0x08005988   0x08005988   0x0000000c   Code   RO         4054    x$fpl$dretinf       fz_wm.l(dretinf.o)
    0x08005994   0x08005994   0x0000006c   Code   RO         3976    x$fpl$drleqf        fz_wm.l(drleqf.o)
    0x08005a00   0x08005a00   0x000001d4   Code   RO         3970    x$fpl$dsub          fz_wm.l(daddsub_clz.o)
    0x08005bd4   0x08005bd4   0x00000056   Code   RO         3978    x$fpl$f2d           fz_wm.l(f2d.o)
    0x08005c2a   0x08005c2a   0x0000008c   Code   RO         4058    x$fpl$fnaninf       fz_wm.l(fnaninf.o)
    0x08005cb6   0x08005cb6   0x0000000a   Code   RO         4229    x$fpl$fpinit        fz_wm.l(fpinit.o)
    0x08005cc0   0x08005cc0   0x0000000a   Code   RO         4060    x$fpl$fretinf       fz_wm.l(fretinf.o)
    0x08005cca   0x08005cca   0x00000004   Code   RO         3980    x$fpl$printf1       fz_wm.l(printf1.o)
    0x08005cce   0x08005cce   0x00000000   Code   RO         4064    x$fpl$usenofp       fz_wm.l(usenofp.o)
    0x08005cce   0x08005cce   0x00000002   PAD
    0x08005cd0   0x08005cd0   0x00000410   Data   RO         3860    .constdata          arm_cortexM4lf_math.lib(arm_cos_f32.o)
    0x080060e0   0x080060e0   0x0000040c   Data   RO         3907    .constdata          arm_cortexM4lf_math.lib(arm_sin_f32.o)
    0x080064ec   0x080064ec   0x00000094   Data   RO         4132    .constdata          c_w.l(bigflt0.o)
    0x08006580   0x08006580   0x000000ec   Data   RO          746    .conststring        main.o
    0x0800666c   0x0800666c   0x00000020   Data   RO         4306    Region$$Table       anon$$obj.o
    0x0800668c   0x0800668c   0x0000001c   Data   RO         4156    locale$$data        c_w.l(lc_numeric_c.o)


    Execution Region RW_IRAM1 (Exec base: 0x20000000, Load base: 0x080066a8, Size: 0x00000f48, Max: 0x00020000, ABSOLUTE)

    Exec Addr    Load Addr    Size         Type   Attr      Idx    E Section Name        Object

    0x20000000   0x080066a8   0x00000008   Data   RW          152    .data               bsp_systick.o
    0x20000008   0x080066b0   0x0000001c   Data   RW          447    .data               pid.o
    0x20000024   0x080066cc   0x00000012   Data   RW          603    .data               movebase.o
    0x20000036   0x080066de   0x00000001   Data   RW          747    .data               main.o
    0x20000037   0x080066df   0x00000001   PAD
    0x20000038   0x080066e0   0x00000002   Data   RW          823    .data               stm32f4xx_it.o
    0x2000003a   0x080066e2   0x00000002   PAD
    0x2000003c   0x080066e4   0x00000038   Data   RW          949    .data               pps.o
    0x20000074   0x0800671c   0x0000000a   Data   RW         1051    .data               esc.o
    0x2000007e   0x08006726   0x00000005   Data   RW         1171    .data               remote.o
    0x20000083   0x0800672b   0x00000001   PAD
    0x20000084   0x0800672c   0x00000019   Data   RW         1226    .data               manul.o
    0x2000009d   0x08006745   0x00000003   PAD
    0x200000a0   0x08006748   0x00000010   Data   RW         1336    .data               task.o
    0x200000b0   0x08006758   0x00000001   Data   RW         1380    .data               robot.o
    0x200000b1   0x08006759   0x00000003   PAD
    0x200000b4   0x0800675c   0x00000024   Data   RW         1460    .data               joystick.o
    0x200000d8   0x08006780   0x00000010   Data   RW         2516    .data               stm32f4xx_rcc.o
    0x200000e8        -       0x000001f4   Zero   RW          745    .bss                main.o
    0x200002dc        -       0x00000048   Zero   RW          948    .bss                pps.o
    0x20000324        -       0x00000448   Zero   RW         1050    .bss                esc.o
    0x2000076c        -       0x0000004c   Zero   RW         1169    .bss                remote.o
    0x200007b8        -       0x000000ec   Zero   RW         1335    .bss                task.o
    0x200008a4        -       0x00000044   Zero   RW         1459    .bss                joystick.o
    0x200008e8        -       0x00000060   Zero   RW         4164    .bss                c_w.l(libspace.o)
    0x20000948        -       0x00000200   Zero   RW         1531    HEAP                startup_stm32f40_41xxx.o
    0x20000b48        -       0x00000400   Zero   RW         1530    STACK               startup_stm32f40_41xxx.o


==============================================================================

Image component sizes


      Code (inc. data)   RO Data    RW Data    ZI Data      Debug   Object Name

        64          0          0          0          0       1240   algorithm.o
       696         28          0          0          0       2384   bsp_can.o
       372         48          0          0          0       6227   bsp_io.o
        44          0          0          0          0     290791   bsp_main.o
       824         38          0          0          0       5240   bsp_serial.o
       166         14          0          8          0       2049   bsp_systick.o
       226         10          0          0          0       2779   bsp_timer.o
       112         14          0          0          0       1530   cylinder.o
      3832        354          0         10       1096      14006   esc.o
       112         18          0         36         68       2946   joystick.o
       480         46        236          1        500       5068   main.o
       848         70          0         25          0      14932   manul.o
       180         24          0          0          0       2473   misc.o
      2620        242          0         18          0      29210   movebase.o
       108          0          0          0          0       1182   pack_deal.o
       380         30          0         28          0       2536   pid.o
       436         58          0         56         72       4711   pps.o
       776         48          0          5         76       2989   remote.o
       226         16          0          1          0       1997   robot.o
        64         26        392          0       1536        876   startup_stm32f40_41xxx.o
      1678         26          0          0          0       8443   stm32f4xx_can.o
       230          0          0          0          0       3949   stm32f4xx_gpio.o
       352         50          0          2          0       9212   stm32f4xx_it.o
       360         42          0         16          0       5740   stm32f4xx_rcc.o
       244         28          0          0          0       5429   stm32f4xx_tim.o
       384          8          0          0          0       5975   stm32f4xx_usart.o
       340         32          0          0          0       1721   system_stm32f4xx.o
       110          8          0         16        236       2942   task.o

    ----------------------------------------------------------------------
     16280       1278        660        232       3584     438577   Object Totals
         0          0         32          0          0          0   (incl. Generated)
        16          0          0         10          0          0   (incl. Padding)

    ----------------------------------------------------------------------

      Code (inc. data)   RO Data    RW Data    ZI Data      Debug   Library Member Name

       216         22       1040          0          0      16570   arm_cos_f32.o
       216         22       1036          0          0       1382   arm_sin_f32.o
         8          0          0          0          0         68   __main.o
       104          0          0          0          0         84   __printf.o
         0          0          0          0          0          0   __rtentry.o
        12          0          0          0          0          0   __rtentry2.o
         6          0          0          0          0          0   __rtentry4.o
        52          8          0          0          0          0   __scatter.o
        26          0          0          0          0          0   __scatter_copy.o
        28          0          0          0          0          0   __scatter_zi.o
        48          6          0          0          0         96   _printf_char_common.o
         6          0          0          0          0          0   _printf_f.o
      1054          0          0          0          0        216   _printf_fp_dec.o
       128         16          0          0          0         84   _printf_fp_infnan.o
         0          0          0          0          0          0   _printf_percent.o
         4          0          0          0          0          0   _printf_percent_end.o
        10          0          0          0          0         68   _sputc.o
       228          4        148          0          0         96   bigflt0.o
      1936        128          0          0          0        672   btod.o
        18          0          0          0          0         80   exit.o
         6          0          0          0          0        152   heapauxi.o
         0          0          0          0          0          0   indicate_semi.o
        44         10         28          0          0         76   lc_numeric_c.o
         2          0          0          0          0          0   libinit.o
        22          0          0          0          0          0   libinit2.o
         2          0          0          0          0          0   libshutdown.o
         2          0          0          0          0          0   libshutdown2.o
         8          4          0          0         96         68   libspace.o
       138          0          0          0          0         80   lludiv10.o
        40          6          0          0          0         84   noretval__2sprintf.o
         8          4          0          0          0         68   rt_locale_intlibspace.o
        78          0          0          0          0         80   rt_memclr_w.o
       100          0          0          0          0         80   rt_memcpy_w.o
         2          0          0          0          0          0   rtexit.o
        10          0          0          0          0          0   rtexit2.o
       128          0          0          0          0         68   strcmpv7m.o
        12          4          0          0          0         68   sys_exit.o
        74          0          0          0          0         80   sys_stackheap_outer.o
         2          0          0          0          0         68   use_no_semi.o
        98          4          0          0          0        140   d2f.o
       804         16          0          0          0        368   daddsub_clz.o
        24          0          0          0          0        116   dcmpi.o
       120          4          0          0          0        140   dleqf.o
       156          4          0          0          0        140   dnaninf.o
        12          0          0          0          0        116   dretinf.o
       108          0          0          0          0        128   drleqf.o
        86          4          0          0          0        132   f2d.o
       140          4          0          0          0        132   fnaninf.o
        10          0          0          0          0        116   fpinit.o
        10          0          0          0          0        116   fretinf.o
         4          0          0          0          0        116   printf1.o
         0          0          0          0          0          0   usenofp.o
       592         90          0          0          0        184   atan2f.o
        20          0          0          0          0        124   fabs.o
        48          0          0          0          0        124   fpclassify.o
        38          0          0          0          0        116   fpclassifyf.o
        22          6          0          0          0        232   funder.o

    ----------------------------------------------------------------------
      7088        366       2252          0         96      22928   Library Totals
        18          0          0          0          0          0   (incl. Padding)

    ----------------------------------------------------------------------

      Code (inc. data)   RO Data    RW Data    ZI Data      Debug   Library Name

       432         44       2076          0          0      17952   arm_cortexM4lf_math.lib
      4346        190        176          0         96       2436   c_w.l
      1572         36          0          0          0       1760   fz_wm.l
       720         96          0          0          0        780   m_wm.l

    ----------------------------------------------------------------------
      7088        366       2252          0         96      22928   Library Totals

    ----------------------------------------------------------------------

==============================================================================


      Code (inc. data)   RO Data    RW Data    ZI Data      Debug   

     23368       1644       2912        232       3680     445005   Grand Totals
     23368       1644       2912        232       3680     445005   ELF Image Totals
     23368       1644       2912        232          0          0   ROM Totals

==============================================================================

    Total RO  Size (Code + RO Data)                26280 (  25.66kB)
    Total RW  Size (RW Data + ZI Data)              3912 (   3.82kB)
    Total ROM Size (Code + RO Data + RW Data)      26512 (  25.89kB)

==============================================================================

